Archive member included to satisfy reference by file (symbol)

D:\Robomaster\ros2-mecanum-dmboard\HNU_Embedded_Framework\Middlewares\ST\ARM\DSP\Lib\libarm_cortexM7lfsp_math.a(arm_mat_trans_f32.o)
                              CMakeFiles/CtrBoard-H7_ALL.elf.dir/src/algorithm/QuaternionEKF/QuaternionEKF.c.obj (arm_mat_trans_f32)
D:\Robomaster\ros2-mecanum-dmboard\HNU_Embedded_Framework\Middlewares\ST\ARM\DSP\Lib\libarm_cortexM7lfsp_math.a(arm_mat_sub_f32.o)
                              CMakeFiles/CtrBoard-H7_ALL.elf.dir/src/algorithm/QuaternionEKF/QuaternionEKF.c.obj (arm_mat_sub_f32)
D:\Robomaster\ros2-mecanum-dmboard\HNU_Embedded_Framework\Middlewares\ST\ARM\DSP\Lib\libarm_cortexM7lfsp_math.a(arm_mat_mult_f32.o)
                              CMakeFiles/CtrBoard-H7_ALL.elf.dir/src/algorithm/LQR/lqr_control.c.obj (arm_mat_mult_f32)
D:\Robomaster\ros2-mecanum-dmboard\HNU_Embedded_Framework\Middlewares\ST\ARM\DSP\Lib\libarm_cortexM7lfsp_math.a(arm_mat_inverse_f32.o)
                              CMakeFiles/CtrBoard-H7_ALL.elf.dir/src/algorithm/QuaternionEKF/QuaternionEKF.c.obj (arm_mat_inverse_f32)
D:\Robomaster\ros2-mecanum-dmboard\HNU_Embedded_Framework\Middlewares\ST\ARM\DSP\Lib\libarm_cortexM7lfsp_math.a(arm_mat_init_f32.o)
                              CMakeFiles/CtrBoard-H7_ALL.elf.dir/src/algorithm/LQR/lqr_control.c.obj (arm_mat_init_f32)
D:\Robomaster\ros2-mecanum-dmboard\HNU_Embedded_Framework\Middlewares\ST\ARM\DSP\Lib\libarm_cortexM7lfsp_math.a(arm_mat_add_f32.o)
                              CMakeFiles/CtrBoard-H7_ALL.elf.dir/src/algorithm/QuaternionEKF/QuaternionEKF.c.obj (arm_mat_add_f32)
D:\Robomaster\ros2-mecanum-dmboard\HNU_Embedded_Framework\Middlewares\ST\ARM\DSP\Lib\libarm_cortexM7lfsp_math.a(arm_sin_f32.o)
                              CMakeFiles/CtrBoard-H7_ALL.elf.dir/src/modules/leg_vmc/drv_leg.c.obj (arm_sin_f32)
D:\Robomaster\ros2-mecanum-dmboard\HNU_Embedded_Framework\Middlewares\ST\ARM\DSP\Lib\libarm_cortexM7lfsp_math.a(arm_cos_f32.o)
                              CMakeFiles/CtrBoard-H7_ALL.elf.dir/src/modules/leg_vmc/drv_leg.c.obj (arm_cos_f32)
D:\Robomaster\ros2-mecanum-dmboard\HNU_Embedded_Framework\Middlewares\ST\ARM\DSP\Lib\libarm_cortexM7lfsp_math.a(arm_sub_f32.o)
                              CMakeFiles/CtrBoard-H7_ALL.elf.dir/src/algorithm/LQR/lqr_control.c.obj (arm_sub_f32)
D:\Robomaster\ros2-mecanum-dmboard\HNU_Embedded_Framework\Middlewares\ST\ARM\DSP\Lib\libarm_cortexM7lfsp_math.a(arm_common_tables.o)
                              D:\Robomaster\ros2-mecanum-dmboard\HNU_Embedded_Framework\Middlewares\ST\ARM\DSP\Lib\libarm_cortexM7lfsp_math.a(arm_sin_f32.o) (sinTable_f32)
d:/qq/wenjian/arm_gcc/arm_gcc/arm_gcc/arm/bin/../lib/gcc/arm-none-eabi/10.3.1/thumb/v7e-m+fp/hard\libgcc.a(_arm_muldf3.o)
                              CMakeFiles/CtrBoard-H7_ALL.elf.dir/src/modules/BMI088/transfer_function.c.obj (__aeabi_dmul)
d:/qq/wenjian/arm_gcc/arm_gcc/arm_gcc/arm/bin/../lib/gcc/arm-none-eabi/10.3.1/thumb/v7e-m+fp/hard\libgcc.a(_arm_addsubdf3.o)
                              CMakeFiles/CtrBoard-H7_ALL.elf.dir/src/modules/BMI088/transfer_function.c.obj (__aeabi_dsub)
d:/qq/wenjian/arm_gcc/arm_gcc/arm_gcc/arm/bin/../lib/gcc/arm-none-eabi/10.3.1/thumb/v7e-m+fp/hard\libgcc.a(_arm_muldivdf3.o)
                              CMakeFiles/CtrBoard-H7_ALL.elf.dir/src/modules/BMI088/transfer_function.c.obj (__aeabi_ddiv)
d:/qq/wenjian/arm_gcc/arm_gcc/arm_gcc/arm/bin/../lib/gcc/arm-none-eabi/10.3.1/thumb/v7e-m+fp/hard\libgcc.a(_arm_truncdfsf2.o)
                              CMakeFiles/CtrBoard-H7_ALL.elf.dir/src/algorithm/MahonyAHRS/MahonyAHRS.c.obj (__aeabi_d2f)
d:/qq/wenjian/arm_gcc/arm_gcc/arm_gcc/arm/bin/../lib/gcc/arm-none-eabi/10.3.1/thumb/v7e-m+fp/hard\libgcc.a(_arm_addsubsf3.o)
                              CMakeFiles/CtrBoard-H7_ALL.elf.dir/src/modules/motor/DM_motor/DM_Motor.c.obj (__aeabi_ul2f)
d:/qq/wenjian/arm_gcc/arm_gcc/arm_gcc/arm/bin/../lib/gcc/arm-none-eabi/10.3.1/thumb/v7e-m+fp/hard\libgcc.a(_aeabi_uldivmod.o)
                              CMakeFiles/CtrBoard-H7_ALL.elf.dir/Drivers/STM32H7xx_HAL_Driver/Src/stm32h7xx_hal_uart.c.obj (__aeabi_uldivmod)
d:/qq/wenjian/arm_gcc/arm_gcc/arm_gcc/arm/bin/../lib/gcc/arm-none-eabi/10.3.1/thumb/v7e-m+fp/hard\libgcc.a(_udivmoddi4.o)
                              d:/qq/wenjian/arm_gcc/arm_gcc/arm_gcc/arm/bin/../lib/gcc/arm-none-eabi/10.3.1/thumb/v7e-m+fp/hard\libgcc.a(_aeabi_uldivmod.o) (__udivmoddi4)
d:/qq/wenjian/arm_gcc/arm_gcc/arm_gcc/arm/bin/../lib/gcc/arm-none-eabi/10.3.1/thumb/v7e-m+fp/hard\libgcc.a(_dvmd_tls.o)
                              d:/qq/wenjian/arm_gcc/arm_gcc/arm_gcc/arm/bin/../lib/gcc/arm-none-eabi/10.3.1/thumb/v7e-m+fp/hard\libgcc.a(_aeabi_uldivmod.o) (__aeabi_ldiv0)
d:/qq/wenjian/arm_gcc/arm_gcc/arm_gcc/arm/bin/../lib/gcc/arm-none-eabi/10.3.1/../../../../arm-none-eabi/lib/thumb/v7e-m+fp/hard\libg.a(lib_a-errno.o)
[...]
Memory Configuration

Name             Origin             Length             Attributes
ITCMRAM          0x00000000         0x00010000         xrw
DTCMRAM          0x20000000         0x00020000         xrw
FLASH            0x08000000         0x00100000         xr
RAM_D1           0x24000000         0x00050000         xrw
RAM_D2           0x30000000         0x00008000         xrw
RAM_D3           0x38000000         0x00004000         xrw
*default*        0x00000000         0xffffffff

Linker script and memory map

LOAD d:/qq/wenjian/arm_gcc/arm_gcc/arm_gcc/arm/bin/../lib/gcc/arm-none-eabi/10.3.1/thumb/v7e-m+fp/hard/crti.o
LOAD d:/qq/wenjian/arm_gcc/arm_gcc/arm_gcc/arm/bin/../lib/gcc/arm-none-eabi/10.3.1/thumb/v7e-m+fp/hard/crtbegin.o
LOAD d:/qq/wenjian/arm_gcc/arm_gcc/arm_gcc/arm/bin/../lib/gcc/arm-none-eabi/10.3.1/../../../../arm-none-eabi/lib/thumb/v7e-m+fp/hard/crt0.o
LOAD CMakeFiles/CtrBoard-H7_ALL.elf.dir/Core/Src/dma.c.obj
LOAD CMakeFiles/CtrBoard-H7_ALL.elf.dir/Core/Src/fdcan.c.obj
LOAD CMakeFiles/CtrBoard-H7_ALL.elf.dir/Core/Src/freertos.c.obj
LOAD CMakeFiles/CtrBoard-H7_ALL.elf.dir/Core/Src/gpio.c.obj
LOAD CMakeFiles/CtrBoard-H7_ALL.elf.dir/Core/Src/main.c.obj
LOAD CMakeFiles/CtrBoard-H7_ALL.elf.dir/Core/Src/spi.c.obj
LOAD CMakeFiles/CtrBoard-H7_ALL.elf.dir/Core/Src/stm32h7xx_hal_msp.c.obj
LOAD CMakeFiles/CtrBoard-H7_ALL.elf.dir/Core/Src/stm32h7xx_hal_timebase_tim.c.obj
LOAD CMakeFiles/CtrBoard-H7_ALL.elf.dir/Core/Src/stm32h7xx_it.c.obj
LOAD CMakeFiles/CtrBoard-H7_ALL.elf.dir/Core/Src/syscalls.c.obj
LOAD CMakeFiles/CtrBoard-H7_ALL.elf.dir/Core/Src/sysmem.c.obj
LOAD CMakeFiles/CtrBoard-H7_ALL.elf.dir/Core/Src/system_stm32h7xx.c.obj
LOAD CMakeFiles/CtrBoard-H7_ALL.elf.dir/Core/Src/tim.c.obj
LOAD CMakeFiles/CtrBoard-H7_ALL.elf.dir/Core/Src/usart.c.obj
LOAD CMakeFiles/CtrBoard-H7_ALL.elf.dir/Core/Startup/startup_stm32h723vgtx.s.obj
LOAD CMakeFiles/CtrBoard-H7_ALL.elf.dir/Drivers/STM32H7xx_HAL_Driver/Src/stm32h7xx_hal.c.obj
LOAD CMakeFiles/CtrBoard-H7_ALL.elf.dir/Drivers/STM32H7xx_HAL_Driver/Src/stm32h7xx_hal_cortex.c.obj
LOAD CMakeFiles/CtrBoard-H7_ALL.elf.dir/Drivers/STM32H7xx_HAL_Driver/Src/stm32h7xx_hal_dma.c.obj
LOAD CMakeFiles/CtrBoard-H7_ALL.elf.dir/Drivers/STM32H7xx_HAL_Driver/Src/stm32h7xx_hal_dma_ex.c.obj
LOAD CMakeFiles/CtrBoard-H7_ALL.elf.dir/Drivers/STM32H7xx_HAL_Driver/Src/stm32h7xx_hal_exti.c.obj
LOAD CMakeFiles/CtrBoard-H7_ALL.elf.dir/Drivers/STM32H7xx_HAL_Driver/Src/stm32h7xx_hal_fdcan.c.obj
LOAD CMakeFiles/CtrBoard-H7_ALL.elf.dir/Drivers/STM32H7xx_HAL_Driver/Src/stm32h7xx_hal_flash.c.obj
LOAD CMakeFiles/CtrBoard-H7_ALL.elf.dir/Drivers/STM32H7xx_HAL_Driver/Src/stm32h7xx_hal_flash_ex.c.obj
LOAD CMakeFiles/CtrBoard-H7_ALL.elf.dir/Drivers/STM32H7xx_HAL_Driver/Src/stm32h7xx_hal_gpio.c.obj
LOAD CMakeFiles/CtrBoard-H7_ALL.elf.dir/Drivers/STM32H7xx_HAL_Driver/Src/stm32h7xx_hal_hsem.c.obj
LOAD CMakeFiles/CtrBoard-H7_ALL.elf.dir/Drivers/STM32H7xx_HAL_Driver/Src/stm32h7xx_hal_i2c.c.obj
LOAD CMakeFiles/CtrBoard-H7_ALL.elf.dir/Drivers/STM32H7xx_HAL_Driver/Src/stm32h7xx_hal_i2c_ex.c.obj
LOAD CMakeFiles/CtrBoard-H7_ALL.elf.dir/Drivers/STM32H7xx_HAL_Driver/Src/stm32h7xx_hal_mdma.c.obj
LOAD CMakeFiles/CtrBoard-H7_ALL.elf.dir/Drivers/STM32H7xx_HAL_Driver/Src/stm32h7xx_hal_pcd.c.obj
LOAD CMakeFiles/CtrBoard-H7_ALL.elf.dir/Drivers/STM32H7xx_HAL_Driver/Src/stm32h7xx_hal_pcd_ex.c.obj
LOAD CMakeFiles/CtrBoard-H7_ALL.elf.dir/Drivers/STM32H7xx_HAL_Driver/Src/stm32h7xx_hal_pwr.c.obj
LOAD CMakeFiles/CtrBoard-H7_ALL.elf.dir/Drivers/STM32H7xx_HAL_Driver/Src/stm32h7xx_hal_pwr_ex.c.obj
LOAD CMakeFiles/CtrBoard-H7_ALL.elf.dir/Drivers/STM32H7xx_HAL_Driver/Src/stm32h7xx_hal_rcc.c.obj
LOAD CMakeFiles/CtrBoard-H7_ALL.elf.dir/Drivers/STM32H7xx_HAL_Driver/Src/stm32h7xx_hal_rcc_ex.c.obj
LOAD CMakeFiles/CtrBoard-H7_ALL.elf.dir/Drivers/STM32H7xx_HAL_Driver/Src/stm32h7xx_hal_spi.c.obj
LOAD CMakeFiles/CtrBoard-H7_ALL.elf.dir/Drivers/STM32H7xx_HAL_Driver/Src/stm32h7xx_hal_spi_ex.c.obj
LOAD CMakeFiles/CtrBoard-H7_ALL.elf.dir/Drivers/STM32H7xx_HAL_Driver/Src/stm32h7xx_hal_tim.c.obj
LOAD CMakeFiles/CtrBoard-H7_ALL.elf.dir/Drivers/STM32H7xx_HAL_Driver/Src/stm32h7xx_hal_tim_ex.c.obj
LOAD CMakeFiles/CtrBoard-H7_ALL.elf.dir/Drivers/STM32H7xx_HAL_Driver/Src/stm32h7xx_hal_uart.c.obj
LOAD CMakeFiles/CtrBoard-H7_ALL.elf.dir/Drivers/STM32H7xx_HAL_Driver/Src/stm32h7xx_hal_uart_ex.c.obj
LOAD CMakeFiles/CtrBoard-H7_ALL.elf.dir/Drivers/STM32H7xx_HAL_Driver/Src/stm32h7xx_ll_usb.c.obj
LOAD CMakeFiles/CtrBoard-H7_ALL.elf.dir/Middlewares/ST/STM32_USB_Device_Library/Class/CDC/Src/usbd_cdc.c.obj
LOAD CMakeFiles/CtrBoard-H7_ALL.elf.dir/Middlewares/ST/STM32_USB_Device_Library/Core/Src/usbd_core.c.obj
LOAD CMakeFiles/CtrBoard-H7_ALL.elf.dir/Middlewares/ST/STM32_USB_Device_Library/Core/Src/usbd_ctlreq.c.obj
LOAD CMakeFiles/CtrBoard-H7_ALL.elf.dir/Middlewares/ST/STM32_USB_Device_Library/Core/Src/usbd_ioreq.c.obj
LOAD CMakeFiles/CtrBoard-H7_ALL.elf.dir/Middlewares/Third_Party/FreeRTOS/Source/CMSIS_RTOS/cmsis_os.c.obj
LOAD CMakeFiles/CtrBoard-H7_ALL.elf.dir/Middlewares/Third_Party/FreeRTOS/Source/croutine.c.obj
LOAD CMakeFiles/CtrBoard-H7_ALL.elf.dir/Middlewares/Third_Party/FreeRTOS/Source/event_groups.c.obj
LOAD CMakeFiles/CtrBoard-H7_ALL.elf.dir/Middlewares/Third_Party/FreeRTOS/Source/list.c.obj
LOAD CMakeFiles/CtrBoard-H7_ALL.elf.dir/Middlewares/Third_Party/FreeRTOS/Source/portable/GCC/ARM_CM4F/port.c.obj
LOAD CMakeFiles/CtrBoard-H7_ALL.elf.dir/Middlewares/Third_Party/FreeRTOS/Source/portable/MemMang/heap_4.c.obj
LOAD CMakeFiles/CtrBoard-H7_ALL.elf.dir/Middlewares/Third_Party/FreeRTOS/Source/queue.c.obj
LOAD CMakeFiles/CtrBoard-H7_ALL.elf.dir/Middlewares/Third_Party/FreeRTOS/Source/stream_buffer.c.obj
LOAD CMakeFiles/CtrBoard-H7_ALL.elf.dir/Middlewares/Third_Party/FreeRTOS/Source/tasks.c.obj
LOAD CMakeFiles/CtrBoard-H7_ALL.elf.dir/Middlewares/Third_Party/FreeRTOS/Source/timers.c.obj
LOAD CMakeFiles/CtrBoard-H7_ALL.elf.dir/Middlewares/Third_Party/SEGGER/RTT/SEGGER_RTT.c.obj
LOAD CMakeFiles/CtrBoard-H7_ALL.elf.dir/Middlewares/Third_Party/SEGGER/RTT/SEGGER_RTT_ASM_ARMv7M.s.obj
LOAD CMakeFiles/CtrBoard-H7_ALL.elf.dir/Middlewares/Third_Party/SEGGER/RTT/SEGGER_RTT_printf.c.obj
LOAD CMakeFiles/CtrBoard-H7_ALL.elf.dir/USB_DEVICE/App/usb_device.c.obj
LOAD CMakeFiles/CtrBoard-H7_ALL.elf.dir/USB_DEVICE/App/usbd_cdc_if.c.obj
LOAD CMakeFiles/CtrBoard-H7_ALL.elf.dir/USB_DEVICE/App/usbd_desc.c.obj
LOAD CMakeFiles/CtrBoard-H7_ALL.elf.dir/USB_DEVICE/Target/usbd_conf.c.obj
LOAD CMakeFiles/CtrBoard-H7_ALL.elf.dir/src/algorithm/Filter/filter32.c.obj
LOAD CMakeFiles/CtrBoard-H7_ALL.elf.dir/src/algorithm/LQR/lqr_control.c.obj
LOAD CMakeFiles/CtrBoard-H7_ALL.elf.dir/src/algorithm/MahonyAHRS/MahonyAHRS.c.obj
LOAD CMakeFiles/CtrBoard-H7_ALL.elf.dir/src/algorithm/PID/PID.c.obj
LOAD CMakeFiles/CtrBoard-H7_ALL.elf.dir/src/algorithm/QuaternionEKF/QuaternionEKF.c.obj
LOAD CMakeFiles/CtrBoard-H7_ALL.elf.dir/src/algorithm/Ramp/ramp.c.obj
LOAD CMakeFiles/CtrBoard-H7_ALL.elf.dir/src/algorithm/User_Lib/user_lib.c.obj
LOAD CMakeFiles/CtrBoard-H7_ALL.elf.dir/src/algorithm/crc/crc8_crc16.c.obj
LOAD CMakeFiles/CtrBoard-H7_ALL.elf.dir/src/algorithm/kalman_filter/kalman_filter.c.obj
LOAD CMakeFiles/CtrBoard-H7_ALL.elf.dir/src/modules/BMI088/BMI088Middleware.c.obj
LOAD CMakeFiles/CtrBoard-H7_ALL.elf.dir/src/modules/BMI088/BMI088driver.c.obj
LOAD CMakeFiles/CtrBoard-H7_ALL.elf.dir/src/modules/BMI088/transfer_function.c.obj
LOAD CMakeFiles/CtrBoard-H7_ALL.elf.dir/src/modules/can/hal_can.c.obj
LOAD CMakeFiles/CtrBoard-H7_ALL.elf.dir/src/modules/dm_imu/dm_imu.c.obj
LOAD CMakeFiles/CtrBoard-H7_ALL.elf.dir/src/modules/dwt/drv_dwt.c.obj
LOAD CMakeFiles/CtrBoard-H7_ALL.elf.dir/src/modules/ipc/uMCN.c.obj
LOAD CMakeFiles/CtrBoard-H7_ALL.elf.dir/src/modules/leg_vmc/drv_leg.c.obj
LOAD CMakeFiles/CtrBoard-H7_ALL.elf.dir/src/modules/leg_wbr/leg_wbr.c.obj
LOAD CMakeFiles/CtrBoard-H7_ALL.elf.dir/src/modules/log/bsp_log.c.obj
LOAD CMakeFiles/CtrBoard-H7_ALL.elf.dir/src/modules/motor/DJI_motor/dji_motor.c.obj
LOAD CMakeFiles/CtrBoard-H7_ALL.elf.dir/src/modules/motor/DM_motor/DM_Motor.c.obj
LOAD CMakeFiles/CtrBoard-H7_ALL.elf.dir/src/modules/motor/HT_motor/ht04.c.obj
LOAD CMakeFiles/CtrBoard-H7_ALL.elf.dir/src/modules/motor/LK_motor/lk_motor.c.obj
LOAD CMakeFiles/CtrBoard-H7_ALL.elf.dir/src/modules/motor/UNITREE_Motor_485/485driver/GO-M8010-6.c.obj
LOAD CMakeFiles/CtrBoard-H7_ALL.elf.dir/src/modules/motor/UNITREE_Motor_485/USER_Driver/unitree_motor.c.obj
LOAD CMakeFiles/CtrBoard-H7_ALL.elf.dir/src/modules/pwm/drv_PWM.c.obj
LOAD CMakeFiles/CtrBoard-H7_ALL.elf.dir/src/modules/rc/Dbus/rc_dbus.c.obj
LOAD CMakeFiles/CtrBoard-H7_ALL.elf.dir/src/modules/rc/Keyboard/keyboard.c.obj
LOAD CMakeFiles/CtrBoard-H7_ALL.elf.dir/src/modules/referee/referee_system.c.obj
LOAD CMakeFiles/CtrBoard-H7_ALL.elf.dir/src/modules/ws2812b/ws2812.c.obj
LOAD CMakeFiles/CtrBoard-H7_ALL.elf.dir/src/robot.c.obj
LOAD CMakeFiles/CtrBoard-H7_ALL.elf.dir/src/task/Lifter/lifter_task.c.obj
LOAD CMakeFiles/CtrBoard-H7_ALL.elf.dir/src/task/chassis/chassis_task.c.obj
LOAD CMakeFiles/CtrBoard-H7_ALL.elf.dir/src/task/cmd/cmd_task.c.obj
LOAD CMakeFiles/CtrBoard-H7_ALL.elf.dir/src/task/gimbal/gimbal_task.c.obj
LOAD CMakeFiles/CtrBoard-H7_ALL.elf.dir/src/task/ins/ins_task.c.obj
LOAD CMakeFiles/CtrBoard-H7_ALL.elf.dir/src/task/motor/motor_task.c.obj
LOAD CMakeFiles/CtrBoard-H7_ALL.elf.dir/src/task/rm_task.c.obj
LOAD CMakeFiles/CtrBoard-H7_ALL.elf.dir/src/task/shoot/shoot_task.c.obj
LOAD CMakeFiles/CtrBoard-H7_ALL.elf.dir/src/task/trans/trans_task.c.obj
LOAD CMakeFiles/CtrBoard-H7_ALL.elf.dir/src/task/uart/uart_receive.c.obj
LOAD D:\Robomaster\ros2-mecanum-dmboard\HNU_Embedded_Framework\Middlewares\ST\ARM\DSP\Lib\libarm_cortexM7lfsp_math.a
START GROUP
LOAD d:/qq/wenjian/arm_gcc/arm_gcc/arm_gcc/arm/bin/../lib/gcc/arm-none-eabi/10.3.1/thumb/v7e-m+fp/hard\libgcc.a
LOAD d:/qq/wenjian/arm_gcc/arm_gcc/arm_gcc/arm/bin/../lib/gcc/arm-none-eabi/10.3.1/../../../../arm-none-eabi/lib/thumb/v7e-m+fp/hard\libg.a
LOAD d:/qq/wenjian/arm_gcc/arm_gcc/arm_gcc/arm/bin/../lib/gcc/arm-none-eabi/10.3.1/../../../../arm-none-eabi/lib/thumb/v7e-m+fp/hard\libc.a
END GROUP
LOAD d:/qq/wenjian/arm_gcc/arm_gcc/arm_gcc/arm/bin/../lib/gcc/arm-none-eabi/10.3.1/thumb/v7e-m+fp/hard/crtend.o
LOAD d:/qq/wenjian/arm_gcc/arm_gcc/arm_gcc/arm/bin/../lib/gcc/arm-none-eabi/10.3.1/thumb/v7e-m+fp/hard/crtn.o
                0x24050000                _estack = (ORIGIN (RAM_D1) + LENGTH (RAM_D1))
                0x00000400                _Min_Heap_Size = 0x400
                0x00001000                _Min_Stack_Size = 0x1000

.isr_vector     0x08000000      0x2cc
                0x08000000                . = ALIGN (0x4)
 *(.isr_vector)
 .isr_vector    0x08000000      0x2cc CMakeFiles/CtrBoard-H7_ALL.elf.dir/Core/Startup/startup_stm32h723vgtx.s.obj
                0x08000000                g_pfnVectors
                0x080002cc                . = ALIGN (0x4)

.text           0x08000300    0x2013c
                0x08000300                . = ALIGN (0x4)
 *(.text)
 .text          0x08000300       0x40 d:/qq/wenjian/arm_gcc/arm_gcc/arm_gcc/arm/bin/../lib/gcc/arm-none-eabi/10.3.1/thumb/v7e-m+fp/hard/crtbegin.o
 .text          0x08000340      0x378 d:/qq/wenjian/arm_gcc/arm_gcc/arm_gcc/arm/bin/../lib/gcc/arm-none-eabi/10.3.1/thumb/v7e-m+fp/hard\libgcc.a(_arm_addsubdf3.o)
                0x08000340                __aeabi_drsub
                0x08000348                __aeabi_dsub
                0x08000348                __subdf3
                0x0800034c                __aeabi_dadd
                0x0800034c                __adddf3
                0x080005c4                __floatunsidf
                0x080005c4                __aeabi_ui2d
                0x080005e4                __floatsidf
                0x080005e4                __aeabi_i2d
                0x08000608                __aeabi_f2d
                0x08000608                __extendsfdf2
                0x0800064c                __floatundidf
                0x0800064c                __aeabi_ul2d
                0x0800065c                __floatdidf
                0x0800065c                __aeabi_l2d
 .text          0x080006b8      0x424 d:/qq/wenjian/arm_gcc/arm_gcc/arm_gcc/arm/bin/../lib/gcc/arm-none-eabi/10.3.1/thumb/v7e-m+fp/hard\libgcc.a(_arm_muldivdf3.o)
                0x080006b8                __aeabi_dmul
                0x080006b8                __muldf3
                0x0800090c                __divdf3
                0x0800090c                __aeabi_ddiv
 .text          0x08000adc       0xa0 d:/qq/wenjian/arm_gcc/arm_gcc/arm_gcc/arm/bin/../lib/gcc/arm-none-eabi/10.3.1/thumb/v7e-m+fp/hard\libgcc.a(_arm_truncdfsf2.o)
                0x08000adc                __truncdfsf2
                0x08000adc                __aeabi_d2f
 .text          0x08000b7c      0x21c d:/qq/wenjian/arm_gcc/arm_gcc/arm_gcc/arm/bin/../lib/gcc/arm-none-eabi/10.3.1/thumb/v7e-m+fp/hard\libgcc.a(_arm_addsubsf3.o)
                0x08000b7c                __aeabi_frsub
                0x08000b84                __subsf3
                0x08000b84                __aeabi_fsub
                0x08000b88                __aeabi_fadd
                0x08000b88                __addsf3
                0x08000ce8                __aeabi_ui2f
                0x08000ce8                __floatunsisf
                0x08000cf0                __aeabi_i2f
                0x08000cf0                __floatsisf
                0x08000d0c                __aeabi_ul2f
                0x08000d0c                __floatundisf
                0x08000d1c                __aeabi_l2f
                0x08000d1c                __floatdisf
 .text          0x08000d98       0x30 d:/qq/wenjian/arm_gcc/arm_gcc/arm_gcc/arm/bin/../lib/gcc/arm-none-eabi/10.3.1/thumb/v7e-m+fp/hard\libgcc.a(_aeabi_uldivmod.o)
                0x08000d98                __aeabi_uldivmod
 .text          0x08000dc8      0x2d0 d:/qq/wenjian/arm_gcc/arm_gcc/arm_gcc/arm/bin/../lib/gcc/arm-none-eabi/10.3.1/thumb/v7e-m+fp/hard\libgcc.a(_udivmoddi4.o)
                0x08000dc8                __udivmoddi4
 .text          0x08001098        0x4 d:/qq/wenjian/arm_gcc/arm_gcc/arm_gcc/arm/bin/../lib/gcc/arm-none-eabi/10.3.1/thumb/v7e-m+fp/hard\libgcc.a(_dvmd_tls.o)
                0x08001098                __aeabi_idiv0
                0x08001098                __aeabi_ldiv0
 .text          0x0800109c      0x134 d:/qq/wenjian/arm_gcc/arm_gcc/arm_gcc/arm/bin/../lib/gcc/arm-none-eabi/10.3.1/../../../../arm-none-eabi/lib/thumb/v7e-m+fp/hard\libg.a(lib_a-memcpy.o)
                0x0800109c                memcpy
 *fill*         0x080011d0       0x30 
 .text          0x08001200       0xdc d:/qq/wenjian/arm_gcc/arm_gcc/arm_gcc/arm/bin/../lib/gcc/arm-none-eabi/10.3.1/../../../../arm-none-eabi/lib/thumb/v7e-m+fp/hard\libg.a(lib_a-strlen.o)
                0x08001200                strlen
 *fill*         0x080012dc        0x4 
 .text          0x080012e0       0xa0 d:/qq/wenjian/arm_gcc/arm_gcc/arm_gcc/arm/bin/../lib/gcc/arm-none-eabi/10.3.1/../../../../arm-none-eabi/lib/thumb/v7e-m+fp/hard\libg.a(lib_a-memchr.o)
                0x080012e0                memchr
 .text          0x08001380      0x110 d:/qq/wenjian/arm_gcc/arm_gcc/arm_gcc/arm/bin/../lib/gcc/arm-none-eabi/10.3.1/thumb/v7e-m+fp/hard\libgcc.a(_arm_cmpdf2.o)
                0x08001380                __gtdf2
                0x08001380                __gedf2
                0x08001388                __ltdf2
                0x08001388                __ledf2
                0x08001390                __nedf2
                0x08001390                __eqdf2
                0x08001390                __cmpdf2
                0x0800140c                __aeabi_cdrcmple
                0x0800141c                __aeabi_cdcmpeq
                0x0800141c                __aeabi_cdcmple
                0x0800142c                __aeabi_dcmpeq
                0x08001440                __aeabi_dcmplt
                0x08001454                __aeabi_dcmple
                0x08001468                __aeabi_dcmpge
                0x0800147c                __aeabi_dcmpgt
 .text          0x08001490       0x2c d:/qq/wenjian/arm_gcc/arm_gcc/arm_gcc/arm/bin/../lib/gcc/arm-none-eabi/10.3.1/thumb/v7e-m+fp/hard\libgcc.a(_arm_unorddf2.o)
                0x08001490                __unorddf2
                0x08001490                __aeabi_dcmpun
 .text          0x080014bc       0x50 d:/qq/wenjian/arm_gcc/arm_gcc/arm_gcc/arm/bin/../lib/gcc/arm-none-eabi/10.3.1/thumb/v7e-m+fp/hard\libgcc.a(_arm_fixdfsi.o)
                0x080014bc                __aeabi_d2iz
                0x080014bc                __fixdfsi
 *(.text*)
 .text.MX_DMA_Init
                0x0800150c       0xc0 CMakeFiles/CtrBoard-H7_ALL.elf.dir/Core/Src/dma.c.obj
                0x0800150c                MX_DMA_Init
 .text.MX_FDCAN1_Init
                0x080015cc       0x64 CMakeFiles/CtrBoard-H7_ALL.elf.dir/Core/Src/fdcan.c.obj
                0x080015cc                MX_FDCAN1_Init
 .text.MX_FDCAN2_Init
                0x08001630       0x64 CMakeFiles/CtrBoard-H7_ALL.elf.dir/Core/Src/fdcan.c.obj
                0x08001630                MX_FDCAN2_Init
 .text.MX_FDCAN3_Init
                0x08001694       0x64 CMakeFiles/CtrBoard-H7_ALL.elf.dir/Core/Src/fdcan.c.obj
                0x08001694                MX_FDCAN3_Init
 .text.HAL_FDCAN_MspInit
                0x080016f8      0x1f8 CMakeFiles/CtrBoard-H7_ALL.elf.dir/Core/Src/fdcan.c.obj
                0x080016f8                HAL_FDCAN_MspInit
 .text.StartDefaultTask
                0x080018f0       0x2c CMakeFiles/CtrBoard-H7_ALL.elf.dir/Core/Src/freertos.c.obj
                0x080018f0                StartDefaultTask
 .text.vApplicationGetIdleTaskMemory
                0x0800191c       0x18 CMakeFiles/CtrBoard-H7_ALL.elf.dir/Core/Src/freertos.c.obj
                0x0800191c                vApplicationGetIdleTaskMemory
 .text.vApplicationGetTimerTaskMemory
                0x08001934       0x18 CMakeFiles/CtrBoard-H7_ALL.elf.dir/Core/Src/freertos.c.obj
                0x08001934                vApplicationGetTimerTaskMemory
 .text.MX_FREERTOS_Init
                0x0800194c       0x30 CMakeFiles/CtrBoard-H7_ALL.elf.dir/Core/Src/freertos.c.obj
                0x0800194c                MX_FREERTOS_Init
 .text.MX_GPIO_Init
                0x0800197c      0x2bc CMakeFiles/CtrBoard-H7_ALL.elf.dir/Core/Src/gpio.c.obj
                0x0800197c                MX_GPIO_Init
 .text.Error_Handler
                0x08001c38        0x4 CMakeFiles/CtrBoard-H7_ALL.elf.dir/Core/Src/main.c.obj
                0x08001c38                Error_Handler
 .text.SystemClock_Config
                0x08001c3c       0xc0 CMakeFiles/CtrBoard-H7_ALL.elf.dir/Core/Src/main.c.obj
                0x08001c3c                SystemClock_Config
 .text.main     0x08001cfc       0xe4 CMakeFiles/CtrBoard-H7_ALL.elf.dir/Core/Src/main.c.obj
                0x08001cfc                main
 .text.MX_SPI2_Init
                0x08001de0       0x60 CMakeFiles/CtrBoard-H7_ALL.elf.dir/Core/Src/spi.c.obj
                0x08001de0                MX_SPI2_Init
 .text.MX_SPI6_Init
                0x08001e40       0x64 CMakeFiles/CtrBoard-H7_ALL.elf.dir/Core/Src/spi.c.obj
                0x08001e40                MX_SPI6_Init
 .text.HAL_SPI_MspInit
                0x08001ea4      0x20c CMakeFiles/CtrBoard-H7_ALL.elf.dir/Core/Src/spi.c.obj
                0x08001ea4                HAL_SPI_MspInit
 .text.HAL_MspInit
                0x080020b0       0x34 CMakeFiles/CtrBoard-H7_ALL.elf.dir/Core/Src/stm32h7xx_hal_msp.c.obj
                0x080020b0                HAL_MspInit
 .text.HAL_InitTick
                0x080020e4       0x90 CMakeFiles/CtrBoard-H7_ALL.elf.dir/Core/Src/stm32h7xx_hal_timebase_tim.c.obj
                0x080020e4                HAL_InitTick
 .text.NMI_Handler
                0x08002174        0x2 CMakeFiles/CtrBoard-H7_ALL.elf.dir/Core/Src/stm32h7xx_it.c.obj
                0x08002174                NMI_Handler
 .text.HardFault_Handler
                0x08002176        0x2 CMakeFiles/CtrBoard-H7_ALL.elf.dir/Core/Src/stm32h7xx_it.c.obj
                0x08002176                HardFault_Handler
 .text.MemManage_Handler
                0x08002178        0x2 CMakeFiles/CtrBoard-H7_ALL.elf.dir/Core/Src/stm32h7xx_it.c.obj
                0x08002178                MemManage_Handler
 .text.BusFault_Handler
                0x0800217a        0x2 CMakeFiles/CtrBoard-H7_ALL.elf.dir/Core/Src/stm32h7xx_it.c.obj
                0x0800217a                BusFault_Handler
 .text.UsageFault_Handler
                0x0800217c        0x2 CMakeFiles/CtrBoard-H7_ALL.elf.dir/Core/Src/stm32h7xx_it.c.obj
                0x0800217c                UsageFault_Handler
 .text.DebugMon_Handler
                0x0800217e        0x2 CMakeFiles/CtrBoard-H7_ALL.elf.dir/Core/Src/stm32h7xx_it.c.obj
                0x0800217e                DebugMon_Handler
 .text.DMA1_Stream2_IRQHandler
                0x08002180       0x10 CMakeFiles/CtrBoard-H7_ALL.elf.dir/Core/Src/stm32h7xx_it.c.obj
                0x08002180                DMA1_Stream2_IRQHandler
 .text.DMA1_Stream4_IRQHandler
                0x08002190       0x10 CMakeFiles/CtrBoard-H7_ALL.elf.dir/Core/Src/stm32h7xx_it.c.obj
                0x08002190                DMA1_Stream4_IRQHandler
 .text.DMA1_Stream5_IRQHandler
                0x080021a0       0x10 CMakeFiles/CtrBoard-H7_ALL.elf.dir/Core/Src/stm32h7xx_it.c.obj
                0x080021a0                DMA1_Stream5_IRQHandler
 .text.FDCAN1_IT0_IRQHandler
                0x080021b0       0x10 CMakeFiles/CtrBoard-H7_ALL.elf.dir/Core/Src/stm32h7xx_it.c.obj
                0x080021b0                FDCAN1_IT0_IRQHandler
 .text.FDCAN2_IT0_IRQHandler
                0x080021c0       0x10 CMakeFiles/CtrBoard-H7_ALL.elf.dir/Core/Src/stm32h7xx_it.c.obj
                0x080021c0                FDCAN2_IT0_IRQHandler
 .text.TIM4_IRQHandler
                0x080021d0       0x10 CMakeFiles/CtrBoard-H7_ALL.elf.dir/Core/Src/stm32h7xx_it.c.obj
                0x080021d0                TIM4_IRQHandler
 .text.SPI2_IRQHandler
                0x080021e0       0x10 CMakeFiles/CtrBoard-H7_ALL.elf.dir/Core/Src/stm32h7xx_it.c.obj
                0x080021e0                SPI2_IRQHandler
 .text.USART2_IRQHandler
                0x080021f0       0x10 CMakeFiles/CtrBoard-H7_ALL.elf.dir/Core/Src/stm32h7xx_it.c.obj
                0x080021f0                USART2_IRQHandler
 .text.USART3_IRQHandler
                0x08002200       0x10 CMakeFiles/CtrBoard-H7_ALL.elf.dir/Core/Src/stm32h7xx_it.c.obj
                0x08002200                USART3_IRQHandler
 .text.UART5_IRQHandler
                0x08002210       0x10 CMakeFiles/CtrBoard-H7_ALL.elf.dir/Core/Src/stm32h7xx_it.c.obj
                0x08002210                UART5_IRQHandler
 .text.DMA2_Stream0_IRQHandler
                0x08002220       0x10 CMakeFiles/CtrBoard-H7_ALL.elf.dir/Core/Src/stm32h7xx_it.c.obj
                0x08002220                DMA2_Stream0_IRQHandler
 .text.DMA2_Stream1_IRQHandler
                0x08002230       0x10 CMakeFiles/CtrBoard-H7_ALL.elf.dir/Core/Src/stm32h7xx_it.c.obj
                0x08002230                DMA2_Stream1_IRQHandler
 .text.DMA2_Stream2_IRQHandler
                0x08002240       0x10 CMakeFiles/CtrBoard-H7_ALL.elf.dir/Core/Src/stm32h7xx_it.c.obj
                0x08002240                DMA2_Stream2_IRQHandler
 .text.DMA2_Stream3_IRQHandler
                0x08002250       0x10 CMakeFiles/CtrBoard-H7_ALL.elf.dir/Core/Src/stm32h7xx_it.c.obj
                0x08002250                DMA2_Stream3_IRQHandler
 .text.DMA2_Stream5_IRQHandler
                0x08002260       0x10 CMakeFiles/CtrBoard-H7_ALL.elf.dir/Core/Src/stm32h7xx_it.c.obj
                0x08002260                DMA2_Stream5_IRQHandler
 .text.OTG_HS_IRQHandler
                0x08002270       0x10 CMakeFiles/CtrBoard-H7_ALL.elf.dir/Core/Src/stm32h7xx_it.c.obj
                0x08002270                OTG_HS_IRQHandler
 .text.USART10_IRQHandler
                0x08002280       0x10 CMakeFiles/CtrBoard-H7_ALL.elf.dir/Core/Src/stm32h7xx_it.c.obj
                0x08002280                USART10_IRQHandler
 .text.FDCAN3_IT0_IRQHandler
                0x08002290       0x10 CMakeFiles/CtrBoard-H7_ALL.elf.dir/Core/Src/stm32h7xx_it.c.obj
                0x08002290                FDCAN3_IT0_IRQHandler
 .text.TIM23_IRQHandler
                0x080022a0       0x10 CMakeFiles/CtrBoard-H7_ALL.elf.dir/Core/Src/stm32h7xx_it.c.obj
                0x080022a0                TIM23_IRQHandler
 .text._getpid  0x080022b0        0x4 CMakeFiles/CtrBoard-H7_ALL.elf.dir/Core/Src/syscalls.c.obj
                0x080022b0                _getpid
 .text._kill    0x080022b4       0x10 CMakeFiles/CtrBoard-H7_ALL.elf.dir/Core/Src/syscalls.c.obj
                0x080022b4                _kill
 .text._exit    0x080022c4        0xc CMakeFiles/CtrBoard-H7_ALL.elf.dir/Core/Src/syscalls.c.obj
                0x080022c4                _exit
 .text._read    0x080022d0       0x20 CMakeFiles/CtrBoard-H7_ALL.elf.dir/Core/Src/syscalls.c.obj
                0x080022d0                _read
 .text._write   0x080022f0       0x1c CMakeFiles/CtrBoard-H7_ALL.elf.dir/Core/Src/syscalls.c.obj
                0x080022f0                _write
 .text._close   0x0800230c        0x6 CMakeFiles/CtrBoard-H7_ALL.elf.dir/Core/Src/syscalls.c.obj
                0x0800230c                _close
 .text._fstat   0x08002312        0xa CMakeFiles/CtrBoard-H7_ALL.elf.dir/Core/Src/syscalls.c.obj
                0x08002312                _fstat
 .text._isatty  0x0800231c        0x4 CMakeFiles/CtrBoard-H7_ALL.elf.dir/Core/Src/syscalls.c.obj
                0x0800231c                _isatty
 .text._lseek   0x08002320        0x4 CMakeFiles/CtrBoard-H7_ALL.elf.dir/Core/Src/syscalls.c.obj
                0x08002320                _lseek
 .text._sbrk    0x08002324       0x48 CMakeFiles/CtrBoard-H7_ALL.elf.dir/Core/Src/sysmem.c.obj
                0x08002324                _sbrk
 .text.SystemInit
                0x0800236c       0xac CMakeFiles/CtrBoard-H7_ALL.elf.dir/Core/Src/system_stm32h7xx.c.obj
                0x0800236c                SystemInit
 .text.MX_TIM4_Init
                0x08002418       0x70 CMakeFiles/CtrBoard-H7_ALL.elf.dir/Core/Src/tim.c.obj
                0x08002418                MX_TIM4_Init
 .text.HAL_TIM_PWM_MspInit
                0x08002488       0x34 CMakeFiles/CtrBoard-H7_ALL.elf.dir/Core/Src/tim.c.obj
                0x08002488                HAL_TIM_PWM_MspInit
 .text.HAL_TIM_Base_MspInit
                0x080024bc       0x48 CMakeFiles/CtrBoard-H7_ALL.elf.dir/Core/Src/tim.c.obj
                0x080024bc                HAL_TIM_Base_MspInit
 .text.HAL_TIM_MspPostInit
                0x08002504       0x58 CMakeFiles/CtrBoard-H7_ALL.elf.dir/Core/Src/tim.c.obj
                0x08002504                HAL_TIM_MspPostInit
 .text.MX_TIM3_Init
                0x0800255c       0x88 CMakeFiles/CtrBoard-H7_ALL.elf.dir/Core/Src/tim.c.obj
                0x0800255c                MX_TIM3_Init
 .text.MX_UART5_Init
                0x080025e4       0x78 CMakeFiles/CtrBoard-H7_ALL.elf.dir/Core/Src/usart.c.obj
                0x080025e4                MX_UART5_Init
 .text.MX_USART2_UART_Init
                0x0800265c       0x70 CMakeFiles/CtrBoard-H7_ALL.elf.dir/Core/Src/usart.c.obj
                0x0800265c                MX_USART2_UART_Init
 .text.MX_USART3_UART_Init
                0x080026cc       0x70 CMakeFiles/CtrBoard-H7_ALL.elf.dir/Core/Src/usart.c.obj
                0x080026cc                MX_USART3_UART_Init
 .text.MX_USART10_UART_Init
                0x0800273c       0x68 CMakeFiles/CtrBoard-H7_ALL.elf.dir/Core/Src/usart.c.obj
                0x0800273c                MX_USART10_UART_Init
 .text.HAL_UART_MspInit
                0x080027a4      0x43c CMakeFiles/CtrBoard-H7_ALL.elf.dir/Core/Src/usart.c.obj
                0x080027a4                HAL_UART_MspInit
 .text.Reset_Handler
                0x08002be0       0x50 CMakeFiles/CtrBoard-H7_ALL.elf.dir/Core/Startup/startup_stm32h723vgtx.s.obj
                0x08002be0                Reset_Handler
 .text.Default_Handler
                0x08002c30        0x2 CMakeFiles/CtrBoard-H7_ALL.elf.dir/Core/Startup/startup_stm32h723vgtx.s.obj
                0x08002c30                RTC_Alarm_IRQHandler
                0x08002c30                EXTI2_IRQHandler
                0x08002c30                TIM8_CC_IRQHandler
                0x08002c30                UART8_IRQHandler
                0x08002c30                SPI4_IRQHandler
                0x08002c30                TIM1_CC_IRQHandler
                0x08002c30                BDMA_Channel6_IRQHandler
                0x08002c30                CORDIC_IRQHandler
                0x08002c30                BDMA_Channel1_IRQHandler
                0x08002c30                TAMP_STAMP_IRQHandler
                0x08002c30                EXTI3_IRQHandler
                0x08002c30                LPTIM4_IRQHandler
                0x08002c30                TIM8_TRG_COM_TIM14_IRQHandler
                0x08002c30                LPTIM2_IRQHandler
                0x08002c30                DFSDM1_FLT1_IRQHandler
                0x08002c30                DMAMUX2_OVR_IRQHandler
                0x08002c30                TIM8_UP_TIM13_IRQHandler
                0x08002c30                I2C3_ER_IRQHandler
                0x08002c30                DFSDM1_FLT2_IRQHandler
                0x08002c30                I2C5_EV_IRQHandler
                0x08002c30                MDMA_IRQHandler
                0x08002c30                LPTIM3_IRQHandler
                0x08002c30                HSEM1_IRQHandler
                0x08002c30                EXTI0_IRQHandler
                0x08002c30                I2C2_EV_IRQHandler
                0x08002c30                FPU_IRQHandler
                0x08002c30                OTG_HS_WKUP_IRQHandler
                0x08002c30                FDCAN1_IT1_IRQHandler
                0x08002c30                LTDC_ER_IRQHandler
                0x08002c30                SPI1_IRQHandler
                0x08002c30                OCTOSPI1_IRQHandler
                0x08002c30                TIM6_DAC_IRQHandler
                0x08002c30                OCTOSPI2_IRQHandler
                0x08002c30                DFSDM1_FLT3_IRQHandler
                0x08002c30                USART6_IRQHandler
                0x08002c30                TIM17_IRQHandler
                0x08002c30                BDMA_Channel7_IRQHandler
                0x08002c30                LPTIM5_IRQHandler
                0x08002c30                ADC3_IRQHandler
                0x08002c30                BDMA_Channel2_IRQHandler
                0x08002c30                I2C1_EV_IRQHandler
                0x08002c30                DMA1_Stream6_IRQHandler
                0x08002c30                DMAMUX1_OVR_IRQHandler
                0x08002c30                DMA1_Stream1_IRQHandler
                0x08002c30                TIM16_IRQHandler
                0x08002c30                UART4_IRQHandler
                0x08002c30                BDMA_Channel5_IRQHandler
                0x08002c30                TIM3_IRQHandler
                0x08002c30                RCC_IRQHandler
                0x08002c30                UART9_IRQHandler
                0x08002c30                TIM8_BRK_TIM12_IRQHandler
                0x08002c30                TIM1_TRG_COM_IRQHandler
                0x08002c30                Default_Handler
                0x08002c30                ECC_IRQHandler
                0x08002c30                FMAC_IRQHandler
                0x08002c30                CEC_IRQHandler
                0x08002c30                EXTI15_10_IRQHandler
                0x08002c30                BDMA_Channel0_IRQHandler
                0x08002c30                ADC_IRQHandler
                0x08002c30                I2C5_ER_IRQHandler
                0x08002c30                DMA1_Stream7_IRQHandler
                0x08002c30                SPI5_IRQHandler
                0x08002c30                TIM7_IRQHandler
                0x08002c30                FDCAN3_IT1_IRQHandler
                0x08002c30                SDMMC1_IRQHandler
                0x08002c30                TIM5_IRQHandler
                0x08002c30                DMA2_Stream7_IRQHandler
                0x08002c30                TIM15_IRQHandler
                0x08002c30                PVD_AVD_IRQHandler
                0x08002c30                I2C3_EV_IRQHandler
                0x08002c30                EXTI9_5_IRQHandler
                0x08002c30                RTC_WKUP_IRQHandler
                0x08002c30                LTDC_IRQHandler
                0x08002c30                ETH_WKUP_IRQHandler
                0x08002c30                SPDIF_RX_IRQHandler
                0x08002c30                OTG_HS_EP1_IN_IRQHandler
                0x08002c30                DMA1_Stream0_IRQHandler
                0x08002c30                TIM24_IRQHandler
                0x08002c30                CRS_IRQHandler
                0x08002c30                EXTI4_IRQHandler
                0x08002c30                RNG_IRQHandler
                0x08002c30                FDCAN2_IT1_IRQHandler
                0x08002c30                ETH_IRQHandler
                0x08002c30                TIM1_UP_IRQHandler
                0x08002c30                BDMA_Channel4_IRQHandler
                0x08002c30                OTG_HS_EP1_OUT_IRQHandler
                0x08002c30                WWDG_IRQHandler
                0x08002c30                SPI6_IRQHandler
                0x08002c30                MDIOS_IRQHandler
                0x08002c30                I2C4_EV_IRQHandler
                0x08002c30                LPUART1_IRQHandler
                0x08002c30                TIM2_IRQHandler
                0x08002c30                DMA2D_IRQHandler
                0x08002c30                TIM1_BRK_IRQHandler
                0x08002c30                EXTI1_IRQHandler
                0x08002c30                SDMMC2_IRQHandler
                0x08002c30                BDMA_Channel3_IRQHandler
                0x08002c30                DTS_IRQHandler
                0x08002c30                UART7_IRQHandler
                0x08002c30                MDIOS_WKUP_IRQHandler
                0x08002c30                DFSDM1_FLT0_IRQHandler
                0x08002c30                SAI4_IRQHandler
                0x08002c30                I2C2_ER_IRQHandler
                0x08002c30                FLASH_IRQHandler
                0x08002c30                DMA2_Stream4_IRQHandler
                0x08002c30                USART1_IRQHandler
                0x08002c30                SPI3_IRQHandler
                0x08002c30                WAKEUP_PIN_IRQHandler
                0x08002c30                I2C1_ER_IRQHandler
                0x08002c30                FMC_IRQHandler
                0x08002c30                FDCAN_CAL_IRQHandler
                0x08002c30                SWPMI1_IRQHandler
                0x08002c30                COMP1_IRQHandler
                0x08002c30                LPTIM1_IRQHandler
                0x08002c30                DCMI_PSSI_IRQHandler
                0x08002c30                I2C4_ER_IRQHandler
                0x08002c30                DMA2_Stream6_IRQHandler
                0x08002c30                SAI1_IRQHandler
                0x08002c30                DMA1_Stream3_IRQHandler
 *fill*         0x08002c32        0x2 
 .text.HAL_Init
                0x08002c34       0x5c CMakeFiles/CtrBoard-H7_ALL.elf.dir/Drivers/STM32H7xx_HAL_Driver/Src/stm32h7xx_hal.c.obj
                0x08002c34                HAL_Init
 .text.HAL_IncTick
                0x08002c90       0x18 CMakeFiles/CtrBoard-H7_ALL.elf.dir/Drivers/STM32H7xx_HAL_Driver/Src/stm32h7xx_hal.c.obj
                0x08002c90                HAL_IncTick
 .text.HAL_GetTick
                0x08002ca8        0xc CMakeFiles/CtrBoard-H7_ALL.elf.dir/Drivers/STM32H7xx_HAL_Driver/Src/stm32h7xx_hal.c.obj
                0x08002ca8                HAL_GetTick
 .text.HAL_Delay
                0x08002cb4       0x28 CMakeFiles/CtrBoard-H7_ALL.elf.dir/Drivers/STM32H7xx_HAL_Driver/Src/stm32h7xx_hal.c.obj
                0x08002cb4                HAL_Delay
 .text.HAL_SYSCFG_AnalogSwitchConfig
                0x08002cdc       0x14 CMakeFiles/CtrBoard-H7_ALL.elf.dir/Drivers/STM32H7xx_HAL_Driver/Src/stm32h7xx_hal.c.obj
                0x08002cdc                HAL_SYSCFG_AnalogSwitchConfig
 .text.HAL_NVIC_SetPriorityGrouping
                0x08002cf0       0x24 CMakeFiles/CtrBoard-H7_ALL.elf.dir/Drivers/STM32H7xx_HAL_Driver/Src/stm32h7xx_hal_cortex.c.obj
                0x08002cf0                HAL_NVIC_SetPriorityGrouping
 .text.HAL_NVIC_SetPriority
                0x08002d14       0x6c CMakeFiles/CtrBoard-H7_ALL.elf.dir/Drivers/STM32H7xx_HAL_Driver/Src/stm32h7xx_hal_cortex.c.obj
                0x08002d14                HAL_NVIC_SetPriority
 .text.HAL_NVIC_EnableIRQ
                0x08002d80       0x1c CMakeFiles/CtrBoard-H7_ALL.elf.dir/Drivers/STM32H7xx_HAL_Driver/Src/stm32h7xx_hal_cortex.c.obj
                0x08002d80                HAL_NVIC_EnableIRQ
 .text.DMA_SetConfig
                0x08002d9c      0x1b4 CMakeFiles/CtrBoard-H7_ALL.elf.dir/Drivers/STM32H7xx_HAL_Driver/Src/stm32h7xx_hal_dma.c.obj
 .text.DMA_CalcBaseAndBitshift
                0x08002f50       0xb4 CMakeFiles/CtrBoard-H7_ALL.elf.dir/Drivers/STM32H7xx_HAL_Driver/Src/stm32h7xx_hal_dma.c.obj
 .text.DMA_CheckFifoParam
                0x08003004       0x92 CMakeFiles/CtrBoard-H7_ALL.elf.dir/Drivers/STM32H7xx_HAL_Driver/Src/stm32h7xx_hal_dma.c.obj
 *fill*         0x08003096        0x2 
 .text.DMA_CalcDMAMUXChannelBaseAndMask
                0x08003098       0xb0 CMakeFiles/CtrBoard-H7_ALL.elf.dir/Drivers/STM32H7xx_HAL_Driver/Src/stm32h7xx_hal_dma.c.obj
 .text.DMA_CalcDMAMUXRequestGenBaseAndMask
                0x08003148       0x7c CMakeFiles/CtrBoard-H7_ALL.elf.dir/Drivers/STM32H7xx_HAL_Driver/Src/stm32h7xx_hal_dma.c.obj
 .text.HAL_DMA_Init
                0x080031c4      0x394 CMakeFiles/CtrBoard-H7_ALL.elf.dir/Drivers/STM32H7xx_HAL_Driver/Src/stm32h7xx_hal_dma.c.obj
                0x080031c4                HAL_DMA_Init
 .text.HAL_DMA_Start_IT
                0x08003558      0x298 CMakeFiles/CtrBoard-H7_ALL.elf.dir/Drivers/STM32H7xx_HAL_Driver/Src/stm32h7xx_hal_dma.c.obj
                0x08003558                HAL_DMA_Start_IT
 .text.HAL_DMA_Abort
                0x080037f0      0x340 CMakeFiles/CtrBoard-H7_ALL.elf.dir/Drivers/STM32H7xx_HAL_Driver/Src/stm32h7xx_hal_dma.c.obj
                0x080037f0                HAL_DMA_Abort
 .text.HAL_DMA_Abort_IT
                0x08003b30      0x270 CMakeFiles/CtrBoard-H7_ALL.elf.dir/Drivers/STM32H7xx_HAL_Driver/Src/stm32h7xx_hal_dma.c.obj
                0x08003b30                HAL_DMA_Abort_IT
 .text.HAL_DMA_IRQHandler
                0x08003da0      0x738 CMakeFiles/CtrBoard-H7_ALL.elf.dir/Drivers/STM32H7xx_HAL_Driver/Src/stm32h7xx_hal_dma.c.obj
                0x08003da0                HAL_DMA_IRQHandler
 .text.FDCAN_CalcultateRamBlockAddresses
                0x080044d8      0x1d4 CMakeFiles/CtrBoard-H7_ALL.elf.dir/Drivers/STM32H7xx_HAL_Driver/Src/stm32h7xx_hal_fdcan.c.obj
 .text.FDCAN_CopyMessageToRAM
                0x080046ac       0x8c CMakeFiles/CtrBoard-H7_ALL.elf.dir/Drivers/STM32H7xx_HAL_Driver/Src/stm32h7xx_hal_fdcan.c.obj
 .text.HAL_FDCAN_Init
                0x08004738      0x294 CMakeFiles/CtrBoard-H7_ALL.elf.dir/Drivers/STM32H7xx_HAL_Driver/Src/stm32h7xx_hal_fdcan.c.obj
                0x08004738                HAL_FDCAN_Init
 .text.HAL_FDCAN_ConfigFilter
                0x080049cc       0x88 CMakeFiles/CtrBoard-H7_ALL.elf.dir/Drivers/STM32H7xx_HAL_Driver/Src/stm32h7xx_hal_fdcan.c.obj
                0x080049cc                HAL_FDCAN_ConfigFilter
 .text.HAL_FDCAN_ConfigGlobalFilter
                0x08004a54       0x36 CMakeFiles/CtrBoard-H7_ALL.elf.dir/Drivers/STM32H7xx_HAL_Driver/Src/stm32h7xx_hal_fdcan.c.obj
                0x08004a54                HAL_FDCAN_ConfigGlobalFilter
 .text.HAL_FDCAN_Start
                0x08004a8a       0x34 CMakeFiles/CtrBoard-H7_ALL.elf.dir/Drivers/STM32H7xx_HAL_Driver/Src/stm32h7xx_hal_fdcan.c.obj
                0x08004a8a                HAL_FDCAN_Start
 .text.HAL_FDCAN_AddMessageToTxFifoQ
                0x08004abe       0x76 CMakeFiles/CtrBoard-H7_ALL.elf.dir/Drivers/STM32H7xx_HAL_Driver/Src/stm32h7xx_hal_fdcan.c.obj
                0x08004abe                HAL_FDCAN_AddMessageToTxFifoQ
 .text.HAL_FDCAN_GetRxMessage
                0x08004b34      0x1e8 CMakeFiles/CtrBoard-H7_ALL.elf.dir/Drivers/STM32H7xx_HAL_Driver/Src/stm32h7xx_hal_fdcan.c.obj
                0x08004b34                HAL_FDCAN_GetRxMessage
 .text.HAL_FDCAN_GetRxFifoFillLevel
                0x08004d1c       0x1c CMakeFiles/CtrBoard-H7_ALL.elf.dir/Drivers/STM32H7xx_HAL_Driver/Src/stm32h7xx_hal_fdcan.c.obj
                0x08004d1c                HAL_FDCAN_GetRxFifoFillLevel
 .text.HAL_FDCAN_GetTxFifoFreeLevel
                0x08004d38        0xc CMakeFiles/CtrBoard-H7_ALL.elf.dir/Drivers/STM32H7xx_HAL_Driver/Src/stm32h7xx_hal_fdcan.c.obj
                0x08004d38                HAL_FDCAN_GetTxFifoFreeLevel
 .text.HAL_FDCAN_ActivateNotification
                0x08004d44       0x90 CMakeFiles/CtrBoard-H7_ALL.elf.dir/Drivers/STM32H7xx_HAL_Driver/Src/stm32h7xx_hal_fdcan.c.obj
                0x08004d44                HAL_FDCAN_ActivateNotification
 .text.HAL_FDCAN_ClockCalibrationCallback
                0x08004dd4        0x2 CMakeFiles/CtrBoard-H7_ALL.elf.dir/Drivers/STM32H7xx_HAL_Driver/Src/stm32h7xx_hal_fdcan.c.obj
                0x08004dd4                HAL_FDCAN_ClockCalibrationCallback
 .text.HAL_FDCAN_TxEventFifoCallback
                0x08004dd6        0x2 CMakeFiles/CtrBoard-H7_ALL.elf.dir/Drivers/STM32H7xx_HAL_Driver/Src/stm32h7xx_hal_fdcan.c.obj
                0x08004dd6                HAL_FDCAN_TxEventFifoCallback
 .text.HAL_FDCAN_TxFifoEmptyCallback
                0x08004dd8        0x2 CMakeFiles/CtrBoard-H7_ALL.elf.dir/Drivers/STM32H7xx_HAL_Driver/Src/stm32h7xx_hal_fdcan.c.obj
                0x08004dd8                HAL_FDCAN_TxFifoEmptyCallback
 .text.HAL_FDCAN_TxBufferCompleteCallback
                0x08004dda        0x2 CMakeFiles/CtrBoard-H7_ALL.elf.dir/Drivers/STM32H7xx_HAL_Driver/Src/stm32h7xx_hal_fdcan.c.obj
                0x08004dda                HAL_FDCAN_TxBufferCompleteCallback
 .text.HAL_FDCAN_TxBufferAbortCallback
                0x08004ddc        0x2 CMakeFiles/CtrBoard-H7_ALL.elf.dir/Drivers/STM32H7xx_HAL_Driver/Src/stm32h7xx_hal_fdcan.c.obj
                0x08004ddc                HAL_FDCAN_TxBufferAbortCallback
 .text.HAL_FDCAN_RxBufferNewMessageCallback
                0x08004dde        0x2 CMakeFiles/CtrBoard-H7_ALL.elf.dir/Drivers/STM32H7xx_HAL_Driver/Src/stm32h7xx_hal_fdcan.c.obj
                0x08004dde                HAL_FDCAN_RxBufferNewMessageCallback
 .text.HAL_FDCAN_TimestampWraparoundCallback
                0x08004de0        0x2 CMakeFiles/CtrBoard-H7_ALL.elf.dir/Drivers/STM32H7xx_HAL_Driver/Src/stm32h7xx_hal_fdcan.c.obj
                0x08004de0                HAL_FDCAN_TimestampWraparoundCallback
 .text.HAL_FDCAN_TimeoutOccurredCallback
                0x08004de2        0x2 CMakeFiles/CtrBoard-H7_ALL.elf.dir/Drivers/STM32H7xx_HAL_Driver/Src/stm32h7xx_hal_fdcan.c.obj
                0x08004de2                HAL_FDCAN_TimeoutOccurredCallback
 .text.HAL_FDCAN_HighPriorityMessageCallback
                0x08004de4        0x2 CMakeFiles/CtrBoard-H7_ALL.elf.dir/Drivers/STM32H7xx_HAL_Driver/Src/stm32h7xx_hal_fdcan.c.obj
                0x08004de4                HAL_FDCAN_HighPriorityMessageCallback
 .text.HAL_FDCAN_ErrorCallback
                0x08004de6        0x2 CMakeFiles/CtrBoard-H7_ALL.elf.dir/Drivers/STM32H7xx_HAL_Driver/Src/stm32h7xx_hal_fdcan.c.obj
                0x08004de6                HAL_FDCAN_ErrorCallback
 .text.HAL_FDCAN_ErrorStatusCallback
                0x08004de8        0x2 CMakeFiles/CtrBoard-H7_ALL.elf.dir/Drivers/STM32H7xx_HAL_Driver/Src/stm32h7xx_hal_fdcan.c.obj
                0x08004de8                HAL_FDCAN_ErrorStatusCallback
 .text.HAL_FDCAN_TT_ScheduleSyncCallback
                0x08004dea        0x2 CMakeFiles/CtrBoard-H7_ALL.elf.dir/Drivers/STM32H7xx_HAL_Driver/Src/stm32h7xx_hal_fdcan.c.obj
                0x08004dea                HAL_FDCAN_TT_ScheduleSyncCallback
 .text.HAL_FDCAN_TT_TimeMarkCallback
                0x08004dec        0x2 CMakeFiles/CtrBoard-H7_ALL.elf.dir/Drivers/STM32H7xx_HAL_Driver/Src/stm32h7xx_hal_fdcan.c.obj
                0x08004dec                HAL_FDCAN_TT_TimeMarkCallback
 .text.HAL_FDCAN_TT_StopWatchCallback
                0x08004dee        0x2 CMakeFiles/CtrBoard-H7_ALL.elf.dir/Drivers/STM32H7xx_HAL_Driver/Src/stm32h7xx_hal_fdcan.c.obj
                0x08004dee                HAL_FDCAN_TT_StopWatchCallback
 .text.HAL_FDCAN_TT_GlobalTimeCallback
                0x08004df0        0x2 CMakeFiles/CtrBoard-H7_ALL.elf.dir/Drivers/STM32H7xx_HAL_Driver/Src/stm32h7xx_hal_fdcan.c.obj
                0x08004df0                HAL_FDCAN_TT_GlobalTimeCallback
 *fill*         0x08004df2        0x2 
 .text.HAL_FDCAN_IRQHandler
                0x08004df4      0x31c CMakeFiles/CtrBoard-H7_ALL.elf.dir/Drivers/STM32H7xx_HAL_Driver/Src/stm32h7xx_hal_fdcan.c.obj
                0x08004df4                HAL_FDCAN_IRQHandler
 .text.HAL_GPIO_Init
                0x08005110      0x214 CMakeFiles/CtrBoard-H7_ALL.elf.dir/Drivers/STM32H7xx_HAL_Driver/Src/stm32h7xx_hal_gpio.c.obj
                0x08005110                HAL_GPIO_Init
 .text.HAL_GPIO_WritePin
                0x08005324        0xc CMakeFiles/CtrBoard-H7_ALL.elf.dir/Drivers/STM32H7xx_HAL_Driver/Src/stm32h7xx_hal_gpio.c.obj
                0x08005324                HAL_GPIO_WritePin
 .text.PCD_WriteEmptyTxFifo
                0x08005330       0xd0 CMakeFiles/CtrBoard-H7_ALL.elf.dir/Drivers/STM32H7xx_HAL_Driver/Src/stm32h7xx_hal_pcd.c.obj
 .text.HAL_PCD_Init
                0x08005400      0x102 CMakeFiles/CtrBoard-H7_ALL.elf.dir/Drivers/STM32H7xx_HAL_Driver/Src/stm32h7xx_hal_pcd.c.obj
                0x08005400                HAL_PCD_Init
 .text.HAL_PCD_Start
                0x08005502       0x44 CMakeFiles/CtrBoard-H7_ALL.elf.dir/Drivers/STM32H7xx_HAL_Driver/Src/stm32h7xx_hal_pcd.c.obj
                0x08005502                HAL_PCD_Start
 *fill*         0x08005546        0x2 
 .text.PCD_EP_OutXfrComplete_int
                0x08005548      0x104 CMakeFiles/CtrBoard-H7_ALL.elf.dir/Drivers/STM32H7xx_HAL_Driver/Src/stm32h7xx_hal_pcd.c.obj
 .text.PCD_EP_OutSetupPacket_int
                0x0800564c       0x50 CMakeFiles/CtrBoard-H7_ALL.elf.dir/Drivers/STM32H7xx_HAL_Driver/Src/stm32h7xx_hal_pcd.c.obj
 .text.HAL_PCD_SetAddress
                0x0800569c       0x26 CMakeFiles/CtrBoard-H7_ALL.elf.dir/Drivers/STM32H7xx_HAL_Driver/Src/stm32h7xx_hal_pcd.c.obj
                0x0800569c                HAL_PCD_SetAddress
 .text.HAL_PCD_EP_Open
                0x080056c2       0x8c CMakeFiles/CtrBoard-H7_ALL.elf.dir/Drivers/STM32H7xx_HAL_Driver/Src/stm32h7xx_hal_pcd.c.obj
                0x080056c2                HAL_PCD_EP_Open
 .text.HAL_PCD_EP_Close
                0x0800574e       0x70 CMakeFiles/CtrBoard-H7_ALL.elf.dir/Drivers/STM32H7xx_HAL_Driver/Src/stm32h7xx_hal_pcd.c.obj
                0x0800574e                HAL_PCD_EP_Close
 .text.HAL_PCD_EP_Receive
                0x080057be       0x4a CMakeFiles/CtrBoard-H7_ALL.elf.dir/Drivers/STM32H7xx_HAL_Driver/Src/stm32h7xx_hal_pcd.c.obj
                0x080057be                HAL_PCD_EP_Receive
 .text.HAL_PCD_EP_GetRxCount
                0x08005808       0x12 CMakeFiles/CtrBoard-H7_ALL.elf.dir/Drivers/STM32H7xx_HAL_Driver/Src/stm32h7xx_hal_pcd.c.obj
                0x08005808                HAL_PCD_EP_GetRxCount
 .text.HAL_PCD_EP_Transmit
                0x0800581a       0x4a CMakeFiles/CtrBoard-H7_ALL.elf.dir/Drivers/STM32H7xx_HAL_Driver/Src/stm32h7xx_hal_pcd.c.obj
                0x0800581a                HAL_PCD_EP_Transmit
 .text.HAL_PCD_EP_SetStall
                0x08005864       0x86 CMakeFiles/CtrBoard-H7_ALL.elf.dir/Drivers/STM32H7xx_HAL_Driver/Src/stm32h7xx_hal_pcd.c.obj
                0x08005864                HAL_PCD_EP_SetStall
 .text.HAL_PCD_EP_ClrStall
                0x080058ea       0x74 CMakeFiles/CtrBoard-H7_ALL.elf.dir/Drivers/STM32H7xx_HAL_Driver/Src/stm32h7xx_hal_pcd.c.obj
                0x080058ea                HAL_PCD_EP_ClrStall
 .text.HAL_PCD_EP_Abort
                0x0800595e       0x34 CMakeFiles/CtrBoard-H7_ALL.elf.dir/Drivers/STM32H7xx_HAL_Driver/Src/stm32h7xx_hal_pcd.c.obj
                0x0800595e                HAL_PCD_EP_Abort
 .text.HAL_PCD_IRQHandler
                0x08005992      0x5fc CMakeFiles/CtrBoard-H7_ALL.elf.dir/Drivers/STM32H7xx_HAL_Driver/Src/stm32h7xx_hal_pcd.c.obj
                0x08005992                HAL_PCD_IRQHandler
 .text.HAL_PCDEx_SetTxFiFo
                0x08005f8e       0x4c CMakeFiles/CtrBoard-H7_ALL.elf.dir/Drivers/STM32H7xx_HAL_Driver/Src/stm32h7xx_hal_pcd_ex.c.obj
                0x08005f8e                HAL_PCDEx_SetTxFiFo
 .text.HAL_PCDEx_SetRxFiFo
                0x08005fda        0x8 CMakeFiles/CtrBoard-H7_ALL.elf.dir/Drivers/STM32H7xx_HAL_Driver/Src/stm32h7xx_hal_pcd_ex.c.obj
                0x08005fda                HAL_PCDEx_SetRxFiFo
 *fill*         0x08005fe2        0x2 
 .text.HAL_PCDEx_ActivateLPM
                0x08005fe4       0x28 CMakeFiles/CtrBoard-H7_ALL.elf.dir/Drivers/STM32H7xx_HAL_Driver/Src/stm32h7xx_hal_pcd_ex.c.obj
                0x08005fe4                HAL_PCDEx_ActivateLPM
 .text.HAL_PCDEx_LPM_Callback
                0x0800600c        0x2 CMakeFiles/CtrBoard-H7_ALL.elf.dir/Drivers/STM32H7xx_HAL_Driver/Src/stm32h7xx_hal_pcd_ex.c.obj
                0x0800600c                HAL_PCDEx_LPM_Callback
 *fill*         0x0800600e        0x2 
 .text.HAL_PWREx_ConfigSupply
                0x08006010       0x54 CMakeFiles/CtrBoard-H7_ALL.elf.dir/Drivers/STM32H7xx_HAL_Driver/Src/stm32h7xx_hal_pwr_ex.c.obj
                0x08006010                HAL_PWREx_ConfigSupply
 .text.HAL_PWREx_EnableUSBVoltageDetector
                0x08006064       0x10 CMakeFiles/CtrBoard-H7_ALL.elf.dir/Drivers/STM32H7xx_HAL_Driver/Src/stm32h7xx_hal_pwr_ex.c.obj
                0x08006064                HAL_PWREx_EnableUSBVoltageDetector
 .text.HAL_RCC_OscConfig
                0x08006074      0x5ec CMakeFiles/CtrBoard-H7_ALL.elf.dir/Drivers/STM32H7xx_HAL_Driver/Src/stm32h7xx_hal_rcc.c.obj
                0x08006074                HAL_RCC_OscConfig
 .text.HAL_RCC_MCOConfig
                0x08006660       0xa4 CMakeFiles/CtrBoard-H7_ALL.elf.dir/Drivers/STM32H7xx_HAL_Driver/Src/stm32h7xx_hal_rcc.c.obj
                0x08006660                HAL_RCC_MCOConfig
 .text.HAL_RCC_GetSysClockFreq
                0x08006704      0x1f4 CMakeFiles/CtrBoard-H7_ALL.elf.dir/Drivers/STM32H7xx_HAL_Driver/Src/stm32h7xx_hal_rcc.c.obj
                0x08006704                HAL_RCC_GetSysClockFreq
 .text.HAL_RCC_ClockConfig
                0x080068f8      0x294 CMakeFiles/CtrBoard-H7_ALL.elf.dir/Drivers/STM32H7xx_HAL_Driver/Src/stm32h7xx_hal_rcc.c.obj
                0x080068f8                HAL_RCC_ClockConfig
 .text.HAL_RCC_GetHCLKFreq
                0x08006b8c       0x44 CMakeFiles/CtrBoard-H7_ALL.elf.dir/Drivers/STM32H7xx_HAL_Driver/Src/stm32h7xx_hal_rcc.c.obj
                0x08006b8c                HAL_RCC_GetHCLKFreq
 .text.HAL_RCC_GetPCLK1Freq
                0x08006bd0       0x24 CMakeFiles/CtrBoard-H7_ALL.elf.dir/Drivers/STM32H7xx_HAL_Driver/Src/stm32h7xx_hal_rcc.c.obj
                0x08006bd0                HAL_RCC_GetPCLK1Freq
 .text.HAL_RCC_GetPCLK2Freq
                0x08006bf4       0x24 CMakeFiles/CtrBoard-H7_ALL.elf.dir/Drivers/STM32H7xx_HAL_Driver/Src/stm32h7xx_hal_rcc.c.obj
                0x08006bf4                HAL_RCC_GetPCLK2Freq
 .text.HAL_RCC_GetClockConfig
                0x08006c18       0x54 CMakeFiles/CtrBoard-H7_ALL.elf.dir/Drivers/STM32H7xx_HAL_Driver/Src/stm32h7xx_hal_rcc.c.obj
                0x08006c18                HAL_RCC_GetClockConfig
 .text.RCCEx_PLL2_Config
                0x08006c6c      0x10c CMakeFiles/CtrBoard-H7_ALL.elf.dir/Drivers/STM32H7xx_HAL_Driver/Src/stm32h7xx_hal_rcc_ex.c.obj
 .text.RCCEx_PLL3_Config
                0x08006d78      0x10c CMakeFiles/CtrBoard-H7_ALL.elf.dir/Drivers/STM32H7xx_HAL_Driver/Src/stm32h7xx_hal_rcc_ex.c.obj
 .text.HAL_RCCEx_PeriphCLKConfig
                0x08006e84      0xa0c CMakeFiles/CtrBoard-H7_ALL.elf.dir/Drivers/STM32H7xx_HAL_Driver/Src/stm32h7xx_hal_rcc_ex.c.obj
                0x08006e84                HAL_RCCEx_PeriphCLKConfig
 .text.HAL_RCCEx_GetD3PCLK1Freq
                0x08007890       0x24 CMakeFiles/CtrBoard-H7_ALL.elf.dir/Drivers/STM32H7xx_HAL_Driver/Src/stm32h7xx_hal_rcc_ex.c.obj
                0x08007890                HAL_RCCEx_GetD3PCLK1Freq
 .text.HAL_RCCEx_GetPLL2ClockFreq
                0x080078b4      0x1f8 CMakeFiles/CtrBoard-H7_ALL.elf.dir/Drivers/STM32H7xx_HAL_Driver/Src/stm32h7xx_hal_rcc_ex.c.obj
                0x080078b4                HAL_RCCEx_GetPLL2ClockFreq
 .text.HAL_RCCEx_GetPLL3ClockFreq
                0x08007aac      0x1f8 CMakeFiles/CtrBoard-H7_ALL.elf.dir/Drivers/STM32H7xx_HAL_Driver/Src/stm32h7xx_hal_rcc_ex.c.obj
                0x08007aac                HAL_RCCEx_GetPLL3ClockFreq
 .text.SPI_CloseTransfer
                0x08007ca4       0xd0 CMakeFiles/CtrBoard-H7_ALL.elf.dir/Drivers/STM32H7xx_HAL_Driver/Src/stm32h7xx_hal_spi.c.obj
 .text.SPI_GetPacketSize
                0x08007d74       0x10 CMakeFiles/CtrBoard-H7_ALL.elf.dir/Drivers/STM32H7xx_HAL_Driver/Src/stm32h7xx_hal_spi.c.obj
 .text.SPI_WaitOnFlagUntilTimeout
                0x08007d84       0x46 CMakeFiles/CtrBoard-H7_ALL.elf.dir/Drivers/STM32H7xx_HAL_Driver/Src/stm32h7xx_hal_spi.c.obj
 *fill*         0x08007dca        0x2 
 .text.HAL_SPI_Init
                0x08007dcc      0x190 CMakeFiles/CtrBoard-H7_ALL.elf.dir/Drivers/STM32H7xx_HAL_Driver/Src/stm32h7xx_hal_spi.c.obj
                0x08007dcc                HAL_SPI_Init
 .text.HAL_SPI_Transmit
                0x08007f5c      0x2c4 CMakeFiles/CtrBoard-H7_ALL.elf.dir/Drivers/STM32H7xx_HAL_Driver/Src/stm32h7xx_hal_spi.c.obj
                0x08007f5c                HAL_SPI_Transmit
 .text.HAL_SPI_TransmitReceive
                0x08008220      0x494 CMakeFiles/CtrBoard-H7_ALL.elf.dir/Drivers/STM32H7xx_HAL_Driver/Src/stm32h7xx_hal_spi.c.obj
                0x08008220                HAL_SPI_TransmitReceive
 .text.HAL_SPI_TxCpltCallback
                0x080086b4        0x2 CMakeFiles/CtrBoard-H7_ALL.elf.dir/Drivers/STM32H7xx_HAL_Driver/Src/stm32h7xx_hal_spi.c.obj
                0x080086b4                HAL_SPI_TxCpltCallback
 .text.HAL_SPI_RxCpltCallback
                0x080086b6        0x2 CMakeFiles/CtrBoard-H7_ALL.elf.dir/Drivers/STM32H7xx_HAL_Driver/Src/stm32h7xx_hal_spi.c.obj
                0x080086b6                HAL_SPI_RxCpltCallback
 .text.HAL_SPI_TxRxCpltCallback
                0x080086b8        0x2 CMakeFiles/CtrBoard-H7_ALL.elf.dir/Drivers/STM32H7xx_HAL_Driver/Src/stm32h7xx_hal_spi.c.obj
                0x080086b8                HAL_SPI_TxRxCpltCallback
 .text.HAL_SPI_ErrorCallback
                0x080086ba        0x2 CMakeFiles/CtrBoard-H7_ALL.elf.dir/Drivers/STM32H7xx_HAL_Driver/Src/stm32h7xx_hal_spi.c.obj
                0x080086ba                HAL_SPI_ErrorCallback
 .text.SPI_DMAAbortOnError
                0x080086bc       0x1a CMakeFiles/CtrBoard-H7_ALL.elf.dir/Drivers/STM32H7xx_HAL_Driver/Src/stm32h7xx_hal_spi.c.obj
 .text.HAL_SPI_SuspendCallback
                0x080086d6        0x2 CMakeFiles/CtrBoard-H7_ALL.elf.dir/Drivers/STM32H7xx_HAL_Driver/Src/stm32h7xx_hal_spi.c.obj
                0x080086d6                HAL_SPI_SuspendCallback
 .text.HAL_SPI_IRQHandler
                0x080086d8      0x240 CMakeFiles/CtrBoard-H7_ALL.elf.dir/Drivers/STM32H7xx_HAL_Driver/Src/stm32h7xx_hal_spi.c.obj
                0x080086d8                HAL_SPI_IRQHandler
 .text.TIM_OC1_SetConfig
                0x08008918       0xa8 CMakeFiles/CtrBoard-H7_ALL.elf.dir/Drivers/STM32H7xx_HAL_Driver/Src/stm32h7xx_hal_tim.c.obj
 .text.TIM_OC3_SetConfig
                0x080089c0       0x94 CMakeFiles/CtrBoard-H7_ALL.elf.dir/Drivers/STM32H7xx_HAL_Driver/Src/stm32h7xx_hal_tim.c.obj
 .text.TIM_OC4_SetConfig
                0x08008a54       0x74 CMakeFiles/CtrBoard-H7_ALL.elf.dir/Drivers/STM32H7xx_HAL_Driver/Src/stm32h7xx_hal_tim.c.obj
 .text.TIM_OC5_SetConfig
                0x08008ac8       0x74 CMakeFiles/CtrBoard-H7_ALL.elf.dir/Drivers/STM32H7xx_HAL_Driver/Src/stm32h7xx_hal_tim.c.obj
 .text.TIM_OC6_SetConfig
                0x08008b3c       0x74 CMakeFiles/CtrBoard-H7_ALL.elf.dir/Drivers/STM32H7xx_HAL_Driver/Src/stm32h7xx_hal_tim.c.obj
 .text.TIM_TI1_ConfigInputStage
                0x08008bb0       0x26 CMakeFiles/CtrBoard-H7_ALL.elf.dir/Drivers/STM32H7xx_HAL_Driver/Src/stm32h7xx_hal_tim.c.obj
 .text.TIM_TI2_ConfigInputStage
                0x08008bd6       0x28 CMakeFiles/CtrBoard-H7_ALL.elf.dir/Drivers/STM32H7xx_HAL_Driver/Src/stm32h7xx_hal_tim.c.obj
 *fill*         0x08008bfe        0x2 
 .text.TIM_ITRx_SetConfig
                0x08008c00       0x14 CMakeFiles/CtrBoard-H7_ALL.elf.dir/Drivers/STM32H7xx_HAL_Driver/Src/stm32h7xx_hal_tim.c.obj
 .text.HAL_TIM_Base_Start_IT
                0x08008c14       0xa0 CMakeFiles/CtrBoard-H7_ALL.elf.dir/Drivers/STM32H7xx_HAL_Driver/Src/stm32h7xx_hal_tim.c.obj
                0x08008c14                HAL_TIM_Base_Start_IT
 .text.HAL_TIM_OC_DelayElapsedCallback
                0x08008cb4        0x2 CMakeFiles/CtrBoard-H7_ALL.elf.dir/Drivers/STM32H7xx_HAL_Driver/Src/stm32h7xx_hal_tim.c.obj
                0x08008cb4                HAL_TIM_OC_DelayElapsedCallback
 .text.HAL_TIM_IC_CaptureCallback
                0x08008cb6        0x2 CMakeFiles/CtrBoard-H7_ALL.elf.dir/Drivers/STM32H7xx_HAL_Driver/Src/stm32h7xx_hal_tim.c.obj
                0x08008cb6                HAL_TIM_IC_CaptureCallback
 .text.HAL_TIM_PWM_PulseFinishedCallback
                0x08008cb8        0x2 CMakeFiles/CtrBoard-H7_ALL.elf.dir/Drivers/STM32H7xx_HAL_Driver/Src/stm32h7xx_hal_tim.c.obj
                0x08008cb8                HAL_TIM_PWM_PulseFinishedCallback
 .text.HAL_TIM_TriggerCallback
                0x08008cba        0x2 CMakeFiles/CtrBoard-H7_ALL.elf.dir/Drivers/STM32H7xx_HAL_Driver/Src/stm32h7xx_hal_tim.c.obj
                0x08008cba                HAL_TIM_TriggerCallback
 .text.HAL_TIM_IRQHandler
                0x08008cbc      0x17a CMakeFiles/CtrBoard-H7_ALL.elf.dir/Drivers/STM32H7xx_HAL_Driver/Src/stm32h7xx_hal_tim.c.obj
                0x08008cbc                HAL_TIM_IRQHandler
 *fill*         0x08008e36        0x2 
 .text.TIM_Base_SetConfig
                0x08008e38      0x120 CMakeFiles/CtrBoard-H7_ALL.elf.dir/Drivers/STM32H7xx_HAL_Driver/Src/stm32h7xx_hal_tim.c.obj
                0x08008e38                TIM_Base_SetConfig
 .text.HAL_TIM_Base_Init
                0x08008f58       0x60 CMakeFiles/CtrBoard-H7_ALL.elf.dir/Drivers/STM32H7xx_HAL_Driver/Src/stm32h7xx_hal_tim.c.obj
                0x08008f58                HAL_TIM_Base_Init
 .text.HAL_TIM_PWM_Init
                0x08008fb8       0x60 CMakeFiles/CtrBoard-H7_ALL.elf.dir/Drivers/STM32H7xx_HAL_Driver/Src/stm32h7xx_hal_tim.c.obj
                0x08008fb8                HAL_TIM_PWM_Init
 .text.TIM_OC2_SetConfig
                0x08009018       0x94 CMakeFiles/CtrBoard-H7_ALL.elf.dir/Drivers/STM32H7xx_HAL_Driver/Src/stm32h7xx_hal_tim.c.obj
                0x08009018                TIM_OC2_SetConfig
 .text.HAL_TIM_PWM_ConfigChannel
                0x080090ac      0x13a CMakeFiles/CtrBoard-H7_ALL.elf.dir/Drivers/STM32H7xx_HAL_Driver/Src/stm32h7xx_hal_tim.c.obj
                0x080090ac                HAL_TIM_PWM_ConfigChannel
 .text.TIM_ETR_SetConfig
                0x080091e6       0x1a CMakeFiles/CtrBoard-H7_ALL.elf.dir/Drivers/STM32H7xx_HAL_Driver/Src/stm32h7xx_hal_tim.c.obj
                0x080091e6                TIM_ETR_SetConfig
 .text.HAL_TIM_ConfigClockSource
                0x08009200      0x138 CMakeFiles/CtrBoard-H7_ALL.elf.dir/Drivers/STM32H7xx_HAL_Driver/Src/stm32h7xx_hal_tim.c.obj
                0x08009200                HAL_TIM_ConfigClockSource
 .text.TIM_CCxChannelCmd
                0x08009338       0x1e CMakeFiles/CtrBoard-H7_ALL.elf.dir/Drivers/STM32H7xx_HAL_Driver/Src/stm32h7xx_hal_tim.c.obj
                0x08009338                TIM_CCxChannelCmd
 *fill*         0x08009356        0x2 
 .text.HAL_TIM_PWM_Start
                0x08009358      0x178 CMakeFiles/CtrBoard-H7_ALL.elf.dir/Drivers/STM32H7xx_HAL_Driver/Src/stm32h7xx_hal_tim.c.obj
                0x08009358                HAL_TIM_PWM_Start
 .text.HAL_TIMEx_MasterConfigSynchronization
                0x080094d0       0xb0 CMakeFiles/CtrBoard-H7_ALL.elf.dir/Drivers/STM32H7xx_HAL_Driver/Src/stm32h7xx_hal_tim_ex.c.obj
                0x080094d0                HAL_TIMEx_MasterConfigSynchronization
 .text.HAL_TIMEx_CommutCallback
                0x08009580        0x2 CMakeFiles/CtrBoard-H7_ALL.elf.dir/Drivers/STM32H7xx_HAL_Driver/Src/stm32h7xx_hal_tim_ex.c.obj
                0x08009580                HAL_TIMEx_CommutCallback
 .text.HAL_TIMEx_BreakCallback
                0x08009582        0x2 CMakeFiles/CtrBoard-H7_ALL.elf.dir/Drivers/STM32H7xx_HAL_Driver/Src/stm32h7xx_hal_tim_ex.c.obj
                0x08009582                HAL_TIMEx_BreakCallback
 .text.HAL_TIMEx_Break2Callback
                0x08009584        0x2 CMakeFiles/CtrBoard-H7_ALL.elf.dir/Drivers/STM32H7xx_HAL_Driver/Src/stm32h7xx_hal_tim_ex.c.obj
                0x08009584                HAL_TIMEx_Break2Callback
 .text.UART_EndTxTransfer
                0x08009586       0x32 CMakeFiles/CtrBoard-H7_ALL.elf.dir/Drivers/STM32H7xx_HAL_Driver/Src/stm32h7xx_hal_uart.c.obj
 .text.UART_EndRxTransfer
                0x080095b8       0x58 CMakeFiles/CtrBoard-H7_ALL.elf.dir/Drivers/STM32H7xx_HAL_Driver/Src/stm32h7xx_hal_uart.c.obj
 .text.UART_EndTransmit_IT
                0x08009610       0x24 CMakeFiles/CtrBoard-H7_ALL.elf.dir/Drivers/STM32H7xx_HAL_Driver/Src/stm32h7xx_hal_uart.c.obj
 .text.HAL_UART_RxCpltCallback
                0x08009634        0x2 CMakeFiles/CtrBoard-H7_ALL.elf.dir/Drivers/STM32H7xx_HAL_Driver/Src/stm32h7xx_hal_uart.c.obj
                0x08009634                HAL_UART_RxCpltCallback
 .text.HAL_UART_RxHalfCpltCallback
                0x08009636        0x2 CMakeFiles/CtrBoard-H7_ALL.elf.dir/Drivers/STM32H7xx_HAL_Driver/Src/stm32h7xx_hal_uart.c.obj
                0x08009636                HAL_UART_RxHalfCpltCallback
 .text.UART_DMAError
                0x08009638       0x58 CMakeFiles/CtrBoard-H7_ALL.elf.dir/Drivers/STM32H7xx_HAL_Driver/Src/stm32h7xx_hal_uart.c.obj
 .text.UART_DMAAbortOnError
                0x08009690       0x10 CMakeFiles/CtrBoard-H7_ALL.elf.dir/Drivers/STM32H7xx_HAL_Driver/Src/stm32h7xx_hal_uart.c.obj
 .text.HAL_UART_IRQHandler
                0x080096a0      0x3d4 CMakeFiles/CtrBoard-H7_ALL.elf.dir/Drivers/STM32H7xx_HAL_Driver/Src/stm32h7xx_hal_uart.c.obj
                0x080096a0                HAL_UART_IRQHandler
 .text.UART_DMARxHalfCplt
                0x08009a74       0x20 CMakeFiles/CtrBoard-H7_ALL.elf.dir/Drivers/STM32H7xx_HAL_Driver/Src/stm32h7xx_hal_uart.c.obj
 .text.UART_DMAReceiveCplt
                0x08009a94       0x90 CMakeFiles/CtrBoard-H7_ALL.elf.dir/Drivers/STM32H7xx_HAL_Driver/Src/stm32h7xx_hal_uart.c.obj
 .text.UART_SetConfig
                0x08009b24      0x6bc CMakeFiles/CtrBoard-H7_ALL.elf.dir/Drivers/STM32H7xx_HAL_Driver/Src/stm32h7xx_hal_uart.c.obj
                0x08009b24                UART_SetConfig
 .text.UART_AdvFeatureConfig
                0x0800a1e0       0xca CMakeFiles/CtrBoard-H7_ALL.elf.dir/Drivers/STM32H7xx_HAL_Driver/Src/stm32h7xx_hal_uart.c.obj
                0x0800a1e0                UART_AdvFeatureConfig
 .text.UART_WaitOnFlagUntilTimeout
                0x0800a2aa       0xaa CMakeFiles/CtrBoard-H7_ALL.elf.dir/Drivers/STM32H7xx_HAL_Driver/Src/stm32h7xx_hal_uart.c.obj
                0x0800a2aa                UART_WaitOnFlagUntilTimeout
 .text.UART_CheckIdleState
                0x0800a354       0xca CMakeFiles/CtrBoard-H7_ALL.elf.dir/Drivers/STM32H7xx_HAL_Driver/Src/stm32h7xx_hal_uart.c.obj
                0x0800a354                UART_CheckIdleState
 .text.HAL_UART_Init
                0x0800a41e       0x66 CMakeFiles/CtrBoard-H7_ALL.elf.dir/Drivers/STM32H7xx_HAL_Driver/Src/stm32h7xx_hal_uart.c.obj
                0x0800a41e                HAL_UART_Init
 .text.UART_Start_Receive_DMA
                0x0800a484       0xb0 CMakeFiles/CtrBoard-H7_ALL.elf.dir/Drivers/STM32H7xx_HAL_Driver/Src/stm32h7xx_hal_uart.c.obj
                0x0800a484                UART_Start_Receive_DMA
 .text.UARTEx_SetNbDataToProcess
                0x0800a534       0x4c CMakeFiles/CtrBoard-H7_ALL.elf.dir/Drivers/STM32H7xx_HAL_Driver/Src/stm32h7xx_hal_uart_ex.c.obj
 .text.HAL_RS485Ex_Init
                0x0800a580       0x88 CMakeFiles/CtrBoard-H7_ALL.elf.dir/Drivers/STM32H7xx_HAL_Driver/Src/stm32h7xx_hal_uart_ex.c.obj
                0x0800a580                HAL_RS485Ex_Init
 .text.HAL_UARTEx_WakeupCallback
                0x0800a608        0x2 CMakeFiles/CtrBoard-H7_ALL.elf.dir/Drivers/STM32H7xx_HAL_Driver/Src/stm32h7xx_hal_uart_ex.c.obj
                0x0800a608                HAL_UARTEx_WakeupCallback
 .text.HAL_UARTEx_RxFifoFullCallback
                0x0800a60a        0x2 CMakeFiles/CtrBoard-H7_ALL.elf.dir/Drivers/STM32H7xx_HAL_Driver/Src/stm32h7xx_hal_uart_ex.c.obj
                0x0800a60a                HAL_UARTEx_RxFifoFullCallback
 .text.HAL_UARTEx_TxFifoEmptyCallback
                0x0800a60c        0x2 CMakeFiles/CtrBoard-H7_ALL.elf.dir/Drivers/STM32H7xx_HAL_Driver/Src/stm32h7xx_hal_uart_ex.c.obj
                0x0800a60c                HAL_UARTEx_TxFifoEmptyCallback
 .text.HAL_UARTEx_DisableFifoMode
                0x0800a60e       0x3e CMakeFiles/CtrBoard-H7_ALL.elf.dir/Drivers/STM32H7xx_HAL_Driver/Src/stm32h7xx_hal_uart_ex.c.obj
                0x0800a60e                HAL_UARTEx_DisableFifoMode
 .text.HAL_UARTEx_SetTxFifoThreshold
                0x0800a64c       0x4a CMakeFiles/CtrBoard-H7_ALL.elf.dir/Drivers/STM32H7xx_HAL_Driver/Src/stm32h7xx_hal_uart_ex.c.obj
                0x0800a64c                HAL_UARTEx_SetTxFifoThreshold
 .text.HAL_UARTEx_SetRxFifoThreshold
                0x0800a696       0x4a CMakeFiles/CtrBoard-H7_ALL.elf.dir/Drivers/STM32H7xx_HAL_Driver/Src/stm32h7xx_hal_uart_ex.c.obj
                0x0800a696                HAL_UARTEx_SetRxFifoThreshold
 .text.HAL_UARTEx_ReceiveToIdle_DMA
                0x0800a6e0       0x50 CMakeFiles/CtrBoard-H7_ALL.elf.dir/Drivers/STM32H7xx_HAL_Driver/Src/stm32h7xx_hal_uart_ex.c.obj
                0x0800a6e0                HAL_UARTEx_ReceiveToIdle_DMA
 .text.USB_CoreReset
                0x0800a730       0x4a CMakeFiles/CtrBoard-H7_ALL.elf.dir/Drivers/STM32H7xx_HAL_Driver/Src/stm32h7xx_ll_usb.c.obj
 *fill*         0x0800a77a        0x2 
 .text.USB_CoreInit
                0x0800a77c       0xa4 CMakeFiles/CtrBoard-H7_ALL.elf.dir/Drivers/STM32H7xx_HAL_Driver/Src/stm32h7xx_ll_usb.c.obj
                0x0800a77c                USB_CoreInit
 .text.USB_SetTurnaroundTime
                0x0800a820       0xe4 CMakeFiles/CtrBoard-H7_ALL.elf.dir/Drivers/STM32H7xx_HAL_Driver/Src/stm32h7xx_ll_usb.c.obj
                0x0800a820                USB_SetTurnaroundTime
 .text.USB_EnableGlobalInt
                0x0800a904        0xc CMakeFiles/CtrBoard-H7_ALL.elf.dir/Drivers/STM32H7xx_HAL_Driver/Src/stm32h7xx_ll_usb.c.obj
                0x0800a904                USB_EnableGlobalInt
 .text.USB_DisableGlobalInt
                0x0800a910        0xc CMakeFiles/CtrBoard-H7_ALL.elf.dir/Drivers/STM32H7xx_HAL_Driver/Src/stm32h7xx_ll_usb.c.obj
                0x0800a910                USB_DisableGlobalInt
 .text.USB_FlushTxFifo
                0x0800a91c       0x4a CMakeFiles/CtrBoard-H7_ALL.elf.dir/Drivers/STM32H7xx_HAL_Driver/Src/stm32h7xx_ll_usb.c.obj
                0x0800a91c                USB_FlushTxFifo
 .text.USB_FlushRxFifo
                0x0800a966       0x46 CMakeFiles/CtrBoard-H7_ALL.elf.dir/Drivers/STM32H7xx_HAL_Driver/Src/stm32h7xx_ll_usb.c.obj
                0x0800a966                USB_FlushRxFifo
 .text.USB_SetDevSpeed
                0x0800a9ac        0xe CMakeFiles/CtrBoard-H7_ALL.elf.dir/Drivers/STM32H7xx_HAL_Driver/Src/stm32h7xx_ll_usb.c.obj
                0x0800a9ac                USB_SetDevSpeed
 *fill*         0x0800a9ba        0x2 
 .text.USB_DevInit
                0x0800a9bc      0x18c CMakeFiles/CtrBoard-H7_ALL.elf.dir/Drivers/STM32H7xx_HAL_Driver/Src/stm32h7xx_ll_usb.c.obj
                0x0800a9bc                USB_DevInit
 .text.USB_GetDevSpeed
                0x0800ab48       0x1e CMakeFiles/CtrBoard-H7_ALL.elf.dir/Drivers/STM32H7xx_HAL_Driver/Src/stm32h7xx_ll_usb.c.obj
                0x0800ab48                USB_GetDevSpeed
 *fill*         0x0800ab66        0x2 
 .text.USB_ActivateEndpoint
                0x0800ab68       0x9c CMakeFiles/CtrBoard-H7_ALL.elf.dir/Drivers/STM32H7xx_HAL_Driver/Src/stm32h7xx_ll_usb.c.obj
                0x0800ab68                USB_ActivateEndpoint
 .text.USB_DeactivateEndpoint
                0x0800ac04       0xe0 CMakeFiles/CtrBoard-H7_ALL.elf.dir/Drivers/STM32H7xx_HAL_Driver/Src/stm32h7xx_ll_usb.c.obj
                0x0800ac04                USB_DeactivateEndpoint
 .text.USB_EPStopXfer
                0x0800ace4       0xbe CMakeFiles/CtrBoard-H7_ALL.elf.dir/Drivers/STM32H7xx_HAL_Driver/Src/stm32h7xx_ll_usb.c.obj
                0x0800ace4                USB_EPStopXfer
 .text.USB_WritePacket
                0x0800ada2       0x2e CMakeFiles/CtrBoard-H7_ALL.elf.dir/Drivers/STM32H7xx_HAL_Driver/Src/stm32h7xx_ll_usb.c.obj
                0x0800ada2                USB_WritePacket
 .text.USB_EPStartXfer
                0x0800add0      0x248 CMakeFiles/CtrBoard-H7_ALL.elf.dir/Drivers/STM32H7xx_HAL_Driver/Src/stm32h7xx_ll_usb.c.obj
                0x0800add0                USB_EPStartXfer
 .text.USB_ReadPacket
                0x0800b018       0x54 CMakeFiles/CtrBoard-H7_ALL.elf.dir/Drivers/STM32H7xx_HAL_Driver/Src/stm32h7xx_ll_usb.c.obj
                0x0800b018                USB_ReadPacket
 .text.USB_EPSetStall
                0x0800b06c       0x5a CMakeFiles/CtrBoard-H7_ALL.elf.dir/Drivers/STM32H7xx_HAL_Driver/Src/stm32h7xx_ll_usb.c.obj
                0x0800b06c                USB_EPSetStall
 .text.USB_EPClearStall
                0x0800b0c6       0x5c CMakeFiles/CtrBoard-H7_ALL.elf.dir/Drivers/STM32H7xx_HAL_Driver/Src/stm32h7xx_ll_usb.c.obj
                0x0800b0c6                USB_EPClearStall
 .text.USB_SetDevAddress
                0x0800b122       0x20 CMakeFiles/CtrBoard-H7_ALL.elf.dir/Drivers/STM32H7xx_HAL_Driver/Src/stm32h7xx_ll_usb.c.obj
                0x0800b122                USB_SetDevAddress
 .text.USB_DevConnect
                0x0800b142       0x1c CMakeFiles/CtrBoard-H7_ALL.elf.dir/Drivers/STM32H7xx_HAL_Driver/Src/stm32h7xx_ll_usb.c.obj
                0x0800b142                USB_DevConnect
 .text.USB_DevDisconnect
                0x0800b15e       0x1c CMakeFiles/CtrBoard-H7_ALL.elf.dir/Drivers/STM32H7xx_HAL_Driver/Src/stm32h7xx_ll_usb.c.obj
                0x0800b15e                USB_DevDisconnect
 .text.USB_ReadInterrupts
                0x0800b17a        0x8 CMakeFiles/CtrBoard-H7_ALL.elf.dir/Drivers/STM32H7xx_HAL_Driver/Src/stm32h7xx_ll_usb.c.obj
                0x0800b17a                USB_ReadInterrupts
 .text.USB_ReadDevAllOutEpInterrupt
                0x0800b182       0x10 CMakeFiles/CtrBoard-H7_ALL.elf.dir/Drivers/STM32H7xx_HAL_Driver/Src/stm32h7xx_ll_usb.c.obj
                0x0800b182                USB_ReadDevAllOutEpInterrupt
 .text.USB_ReadDevAllInEpInterrupt
                0x0800b192       0x10 CMakeFiles/CtrBoard-H7_ALL.elf.dir/Drivers/STM32H7xx_HAL_Driver/Src/stm32h7xx_ll_usb.c.obj
                0x0800b192                USB_ReadDevAllInEpInterrupt
 .text.USB_ReadDevOutEPInterrupt
                0x0800b1a2       0x12 CMakeFiles/CtrBoard-H7_ALL.elf.dir/Drivers/STM32H7xx_HAL_Driver/Src/stm32h7xx_ll_usb.c.obj
                0x0800b1a2                USB_ReadDevOutEPInterrupt
 .text.USB_ReadDevInEPInterrupt
                0x0800b1b4       0x28 CMakeFiles/CtrBoard-H7_ALL.elf.dir/Drivers/STM32H7xx_HAL_Driver/Src/stm32h7xx_ll_usb.c.obj
                0x0800b1b4                USB_ReadDevInEPInterrupt
 .text.USB_GetMode
                0x0800b1dc        0x8 CMakeFiles/CtrBoard-H7_ALL.elf.dir/Drivers/STM32H7xx_HAL_Driver/Src/stm32h7xx_ll_usb.c.obj
                0x0800b1dc                USB_GetMode
 .text.USB_SetCurrentMode
                0x0800b1e4       0x62 CMakeFiles/CtrBoard-H7_ALL.elf.dir/Drivers/STM32H7xx_HAL_Driver/Src/stm32h7xx_ll_usb.c.obj
                0x0800b1e4                USB_SetCurrentMode
 *fill*         0x0800b246        0x2 
 .text.USB_ActivateSetup
                0x0800b248       0x20 CMakeFiles/CtrBoard-H7_ALL.elf.dir/Drivers/STM32H7xx_HAL_Driver/Src/stm32h7xx_ll_usb.c.obj
                0x0800b248                USB_ActivateSetup
 .text.USB_EP0_OutStart
                0x0800b268       0x60 CMakeFiles/CtrBoard-H7_ALL.elf.dir/Drivers/STM32H7xx_HAL_Driver/Src/stm32h7xx_ll_usb.c.obj
                0x0800b268                USB_EP0_OutStart
 .text.USBD_CDC_EP0_RxReady
                0x0800b2c8       0x40 CMakeFiles/CtrBoard-H7_ALL.elf.dir/Middlewares/ST/STM32_USB_Device_Library/Class/CDC/Src/usbd_cdc.c.obj
 .text.USBD_CDC_GetDeviceQualifierDescriptor
                0x0800b308        0xc CMakeFiles/CtrBoard-H7_ALL.elf.dir/Middlewares/ST/STM32_USB_Device_Library/Class/CDC/Src/usbd_cdc.c.obj
                0x0800b308                USBD_CDC_GetDeviceQualifierDescriptor
 .text.USBD_CDC_GetOtherSpeedCfgDesc
                0x0800b314       0x48 CMakeFiles/CtrBoard-H7_ALL.elf.dir/Middlewares/ST/STM32_USB_Device_Library/Class/CDC/Src/usbd_cdc.c.obj
 .text.USBD_CDC_GetFSCfgDesc
                0x0800b35c       0x48 CMakeFiles/CtrBoard-H7_ALL.elf.dir/Middlewares/ST/STM32_USB_Device_Library/Class/CDC/Src/usbd_cdc.c.obj
 .text.USBD_CDC_GetHSCfgDesc
                0x0800b3a4       0x48 CMakeFiles/CtrBoard-H7_ALL.elf.dir/Middlewares/ST/STM32_USB_Device_Library/Class/CDC/Src/usbd_cdc.c.obj
 .text.USBD_CDC_DataOut
                0x0800b3ec       0x38 CMakeFiles/CtrBoard-H7_ALL.elf.dir/Middlewares/ST/STM32_USB_Device_Library/Class/CDC/Src/usbd_cdc.c.obj
 .text.USBD_CDC_DataIn
                0x0800b424       0x7c CMakeFiles/CtrBoard-H7_ALL.elf.dir/Middlewares/ST/STM32_USB_Device_Library/Class/CDC/Src/usbd_cdc.c.obj
 .text.USBD_CDC_Setup
                0x0800b4a0      0x11a CMakeFiles/CtrBoard-H7_ALL.elf.dir/Middlewares/ST/STM32_USB_Device_Library/Class/CDC/Src/usbd_cdc.c.obj
 .text.USBD_CDC_DeInit
                0x0800b5ba       0x64 CMakeFiles/CtrBoard-H7_ALL.elf.dir/Middlewares/ST/STM32_USB_Device_Library/Class/CDC/Src/usbd_cdc.c.obj
 .text.USBD_CDC_Init
                0x0800b61e       0xee CMakeFiles/CtrBoard-H7_ALL.elf.dir/Middlewares/ST/STM32_USB_Device_Library/Class/CDC/Src/usbd_cdc.c.obj
 .text.USBD_CDC_RegisterInterface
                0x0800b70c       0x16 CMakeFiles/CtrBoard-H7_ALL.elf.dir/Middlewares/ST/STM32_USB_Device_Library/Class/CDC/Src/usbd_cdc.c.obj
                0x0800b70c                USBD_CDC_RegisterInterface
 .text.USBD_CDC_SetTxBuffer
                0x0800b722       0x1c CMakeFiles/CtrBoard-H7_ALL.elf.dir/Middlewares/ST/STM32_USB_Device_Library/Class/CDC/Src/usbd_cdc.c.obj
                0x0800b722                USBD_CDC_SetTxBuffer
 .text.USBD_CDC_SetRxBuffer
                0x0800b73e       0x18 CMakeFiles/CtrBoard-H7_ALL.elf.dir/Middlewares/ST/STM32_USB_Device_Library/Class/CDC/Src/usbd_cdc.c.obj
                0x0800b73e                USBD_CDC_SetRxBuffer
 .text.USBD_CDC_TransmitPacket
                0x0800b756       0x3a CMakeFiles/CtrBoard-H7_ALL.elf.dir/Middlewares/ST/STM32_USB_Device_Library/Class/CDC/Src/usbd_cdc.c.obj
                0x0800b756                USBD_CDC_TransmitPacket
 .text.USBD_CDC_ReceivePacket
                0x0800b790       0x38 CMakeFiles/CtrBoard-H7_ALL.elf.dir/Middlewares/ST/STM32_USB_Device_Library/Class/CDC/Src/usbd_cdc.c.obj
                0x0800b790                USBD_CDC_ReceivePacket
 .text.USBD_Init
                0x0800b7c8       0x2e CMakeFiles/CtrBoard-H7_ALL.elf.dir/Middlewares/ST/STM32_USB_Device_Library/Core/Src/usbd_core.c.obj
                0x0800b7c8                USBD_Init
 .text.USBD_RegisterClass
                0x0800b7f6       0x34 CMakeFiles/CtrBoard-H7_ALL.elf.dir/Middlewares/ST/STM32_USB_Device_Library/Core/Src/usbd_core.c.obj
                0x0800b7f6                USBD_RegisterClass
 .text.USBD_Start
                0x0800b82a        0x8 CMakeFiles/CtrBoard-H7_ALL.elf.dir/Middlewares/ST/STM32_USB_Device_Library/Core/Src/usbd_core.c.obj
                0x0800b82a                USBD_Start
 .text.USBD_SetClassConfig
                0x0800b832       0x12 CMakeFiles/CtrBoard-H7_ALL.elf.dir/Middlewares/ST/STM32_USB_Device_Library/Core/Src/usbd_core.c.obj
                0x0800b832                USBD_SetClassConfig
 .text.USBD_ClrClassConfig
                0x0800b844       0x12 CMakeFiles/CtrBoard-H7_ALL.elf.dir/Middlewares/ST/STM32_USB_Device_Library/Core/Src/usbd_core.c.obj
                0x0800b844                USBD_ClrClassConfig
 .text.USBD_LL_SetupStage
                0x0800b856       0x58 CMakeFiles/CtrBoard-H7_ALL.elf.dir/Middlewares/ST/STM32_USB_Device_Library/Core/Src/usbd_core.c.obj
                0x0800b856                USBD_LL_SetupStage
 .text.USBD_LL_Reset
                0x0800b8ae       0x64 CMakeFiles/CtrBoard-H7_ALL.elf.dir/Middlewares/ST/STM32_USB_Device_Library/Core/Src/usbd_core.c.obj
                0x0800b8ae                USBD_LL_Reset
 .text.USBD_LL_SetSpeed
                0x0800b912        0x6 CMakeFiles/CtrBoard-H7_ALL.elf.dir/Middlewares/ST/STM32_USB_Device_Library/Core/Src/usbd_core.c.obj
                0x0800b912                USBD_LL_SetSpeed
 .text.USBD_LL_Suspend
                0x0800b918       0x1e CMakeFiles/CtrBoard-H7_ALL.elf.dir/Middlewares/ST/STM32_USB_Device_Library/Core/Src/usbd_core.c.obj
                0x0800b918                USBD_LL_Suspend
 .text.USBD_LL_Resume
                0x0800b936       0x1a CMakeFiles/CtrBoard-H7_ALL.elf.dir/Middlewares/ST/STM32_USB_Device_Library/Core/Src/usbd_core.c.obj
                0x0800b936                USBD_LL_Resume
 .text.USBD_LL_SOF
                0x0800b950       0x22 CMakeFiles/CtrBoard-H7_ALL.elf.dir/Middlewares/ST/STM32_USB_Device_Library/Core/Src/usbd_core.c.obj
                0x0800b950                USBD_LL_SOF
 .text.USBD_LL_IsoINIncomplete
                0x0800b972       0x2e CMakeFiles/CtrBoard-H7_ALL.elf.dir/Middlewares/ST/STM32_USB_Device_Library/Core/Src/usbd_core.c.obj
                0x0800b972                USBD_LL_IsoINIncomplete
 .text.USBD_LL_IsoOUTIncomplete
                0x0800b9a0       0x2e CMakeFiles/CtrBoard-H7_ALL.elf.dir/Middlewares/ST/STM32_USB_Device_Library/Core/Src/usbd_core.c.obj
                0x0800b9a0                USBD_LL_IsoOUTIncomplete
 .text.USBD_LL_DevConnected
                0x0800b9ce        0x4 CMakeFiles/CtrBoard-H7_ALL.elf.dir/Middlewares/ST/STM32_USB_Device_Library/Core/Src/usbd_core.c.obj
                0x0800b9ce                USBD_LL_DevConnected
 .text.USBD_LL_DevDisconnected
                0x0800b9d2       0x20 CMakeFiles/CtrBoard-H7_ALL.elf.dir/Middlewares/ST/STM32_USB_Device_Library/Core/Src/usbd_core.c.obj
                0x0800b9d2                USBD_LL_DevDisconnected
 .text.USBD_CoreFindIF
                0x0800b9f2        0x4 CMakeFiles/CtrBoard-H7_ALL.elf.dir/Middlewares/ST/STM32_USB_Device_Library/Core/Src/usbd_core.c.obj
                0x0800b9f2                USBD_CoreFindIF
 .text.USBD_CoreFindEP
                0x0800b9f6        0x4 CMakeFiles/CtrBoard-H7_ALL.elf.dir/Middlewares/ST/STM32_USB_Device_Library/Core/Src/usbd_core.c.obj
                0x0800b9f6                USBD_CoreFindEP
 .text.USBD_LL_DataOutStage
                0x0800b9fa       0xc6 CMakeFiles/CtrBoard-H7_ALL.elf.dir/Middlewares/ST/STM32_USB_Device_Library/Core/Src/usbd_core.c.obj
                0x0800b9fa                USBD_LL_DataOutStage
 .text.USBD_LL_DataInStage
                0x0800bac0       0xd6 CMakeFiles/CtrBoard-H7_ALL.elf.dir/Middlewares/ST/STM32_USB_Device_Library/Core/Src/usbd_core.c.obj
                0x0800bac0                USBD_LL_DataInStage
 .text.USBD_GetNextDesc
                0x0800bb96        0xe CMakeFiles/CtrBoard-H7_ALL.elf.dir/Middlewares/ST/STM32_USB_Device_Library/Core/Src/usbd_core.c.obj
                0x0800bb96                USBD_GetNextDesc
 .text.USBD_GetEpDesc
                0x0800bba4       0x3e CMakeFiles/CtrBoard-H7_ALL.elf.dir/Middlewares/ST/STM32_USB_Device_Library/Core/Src/usbd_core.c.obj
                0x0800bba4                USBD_GetEpDesc
 .text.USBD_GetLen
                0x0800bbe2       0x14 CMakeFiles/CtrBoard-H7_ALL.elf.dir/Middlewares/ST/STM32_USB_Device_Library/Core/Src/usbd_ctlreq.c.obj
 .text.USBD_ParseSetupRequest
                0x0800bbf6       0x28 CMakeFiles/CtrBoard-H7_ALL.elf.dir/Middlewares/ST/STM32_USB_Device_Library/Core/Src/usbd_ctlreq.c.obj
                0x0800bbf6                USBD_ParseSetupRequest
 .text.USBD_CtlError
                0x0800bc1e       0x14 CMakeFiles/CtrBoard-H7_ALL.elf.dir/Middlewares/ST/STM32_USB_Device_Library/Core/Src/usbd_ctlreq.c.obj
                0x0800bc1e                USBD_CtlError
 .text.USBD_GetDescriptor
                0x0800bc32      0x1ac CMakeFiles/CtrBoard-H7_ALL.elf.dir/Middlewares/ST/STM32_USB_Device_Library/Core/Src/usbd_ctlreq.c.obj
 .text.USBD_SetAddress
                0x0800bdde       0x50 CMakeFiles/CtrBoard-H7_ALL.elf.dir/Middlewares/ST/STM32_USB_Device_Library/Core/Src/usbd_ctlreq.c.obj
 *fill*         0x0800be2e        0x2 
 .text.USBD_SetConfig
                0x0800be30       0xcc CMakeFiles/CtrBoard-H7_ALL.elf.dir/Middlewares/ST/STM32_USB_Device_Library/Core/Src/usbd_ctlreq.c.obj
 .text.USBD_GetConfig
                0x0800befc       0x40 CMakeFiles/CtrBoard-H7_ALL.elf.dir/Middlewares/ST/STM32_USB_Device_Library/Core/Src/usbd_ctlreq.c.obj
 .text.USBD_GetStatus
                0x0800bf3c       0x38 CMakeFiles/CtrBoard-H7_ALL.elf.dir/Middlewares/ST/STM32_USB_Device_Library/Core/Src/usbd_ctlreq.c.obj
 .text.USBD_SetFeature
                0x0800bf74       0x2a CMakeFiles/CtrBoard-H7_ALL.elf.dir/Middlewares/ST/STM32_USB_Device_Library/Core/Src/usbd_ctlreq.c.obj
 .text.USBD_ClrFeature
                0x0800bf9e       0x26 CMakeFiles/CtrBoard-H7_ALL.elf.dir/Middlewares/ST/STM32_USB_Device_Library/Core/Src/usbd_ctlreq.c.obj
 .text.USBD_StdDevReq
                0x0800bfc4       0x76 CMakeFiles/CtrBoard-H7_ALL.elf.dir/Middlewares/ST/STM32_USB_Device_Library/Core/Src/usbd_ctlreq.c.obj
                0x0800bfc4                USBD_StdDevReq
 .text.USBD_StdItfReq
                0x0800c03a       0x84 CMakeFiles/CtrBoard-H7_ALL.elf.dir/Middlewares/ST/STM32_USB_Device_Library/Core/Src/usbd_ctlreq.c.obj
                0x0800c03a                USBD_StdItfReq
 .text.USBD_StdEPReq
                0x0800c0be      0x232 CMakeFiles/CtrBoard-H7_ALL.elf.dir/Middlewares/ST/STM32_USB_Device_Library/Core/Src/usbd_ctlreq.c.obj
                0x0800c0be                USBD_StdEPReq
 .text.USBD_GetString
                0x0800c2f0       0x46 CMakeFiles/CtrBoard-H7_ALL.elf.dir/Middlewares/ST/STM32_USB_Device_Library/Core/Src/usbd_ctlreq.c.obj
                0x0800c2f0                USBD_GetString
 .text.USBD_CtlSendData
                0x0800c336       0x1a CMakeFiles/CtrBoard-H7_ALL.elf.dir/Middlewares/ST/STM32_USB_Device_Library/Core/Src/usbd_ioreq.c.obj
                0x0800c336                USBD_CtlSendData
 .text.USBD_CtlContinueSendData
                0x0800c350       0x10 CMakeFiles/CtrBoard-H7_ALL.elf.dir/Middlewares/ST/STM32_USB_Device_Library/Core/Src/usbd_ioreq.c.obj
                0x0800c350                USBD_CtlContinueSendData
 .text.USBD_CtlPrepareRx
                0x0800c360       0x1e CMakeFiles/CtrBoard-H7_ALL.elf.dir/Middlewares/ST/STM32_USB_Device_Library/Core/Src/usbd_ioreq.c.obj
                0x0800c360                USBD_CtlPrepareRx
 .text.USBD_CtlContinueRx
                0x0800c37e       0x10 CMakeFiles/CtrBoard-H7_ALL.elf.dir/Middlewares/ST/STM32_USB_Device_Library/Core/Src/usbd_ioreq.c.obj
                0x0800c37e                USBD_CtlContinueRx
 .text.USBD_CtlSendStatus
                0x0800c38e       0x16 CMakeFiles/CtrBoard-H7_ALL.elf.dir/Middlewares/ST/STM32_USB_Device_Library/Core/Src/usbd_ioreq.c.obj
                0x0800c38e                USBD_CtlSendStatus
 .text.USBD_CtlReceiveStatus
                0x0800c3a4       0x16 CMakeFiles/CtrBoard-H7_ALL.elf.dir/Middlewares/ST/STM32_USB_Device_Library/Core/Src/usbd_ioreq.c.obj
                0x0800c3a4                USBD_CtlReceiveStatus
 .text.makeFreeRtosPriority
                0x0800c3ba        0xc CMakeFiles/CtrBoard-H7_ALL.elf.dir/Middlewares/Third_Party/FreeRTOS/Source/CMSIS_RTOS/cmsis_os.c.obj
 .text.inHandlerMode
                0x0800c3c6        0xc CMakeFiles/CtrBoard-H7_ALL.elf.dir/Middlewares/Third_Party/FreeRTOS/Source/CMSIS_RTOS/cmsis_os.c.obj
 .text.osKernelStart
                0x0800c3d2        0xa CMakeFiles/CtrBoard-H7_ALL.elf.dir/Middlewares/Third_Party/FreeRTOS/Source/CMSIS_RTOS/cmsis_os.c.obj
                0x0800c3d2                osKernelStart
 .text.osKernelSysTick
                0x0800c3dc       0x14 CMakeFiles/CtrBoard-H7_ALL.elf.dir/Middlewares/Third_Party/FreeRTOS/Source/CMSIS_RTOS/cmsis_os.c.obj
                0x0800c3dc                osKernelSysTick
 .text.osThreadCreate
                0x0800c3f0       0x6a CMakeFiles/CtrBoard-H7_ALL.elf.dir/Middlewares/Third_Party/FreeRTOS/Source/CMSIS_RTOS/cmsis_os.c.obj
                0x0800c3f0                osThreadCreate
 .text.osMutexCreate
                0x0800c45a       0x16 CMakeFiles/CtrBoard-H7_ALL.elf.dir/Middlewares/Third_Party/FreeRTOS/Source/CMSIS_RTOS/cmsis_os.c.obj
                0x0800c45a                osMutexCreate
 .text.osSemaphoreCreate
                0x0800c470       0x58 CMakeFiles/CtrBoard-H7_ALL.elf.dir/Middlewares/Third_Party/FreeRTOS/Source/CMSIS_RTOS/cmsis_os.c.obj
                0x0800c470                osSemaphoreCreate
 .text.osSemaphoreWait
                0x0800c4c8       0x5e CMakeFiles/CtrBoard-H7_ALL.elf.dir/Middlewares/Third_Party/FreeRTOS/Source/CMSIS_RTOS/cmsis_os.c.obj
                0x0800c4c8                osSemaphoreWait
 .text.osSemaphoreRelease
                0x0800c526       0x5a CMakeFiles/CtrBoard-H7_ALL.elf.dir/Middlewares/Third_Party/FreeRTOS/Source/CMSIS_RTOS/cmsis_os.c.obj
                0x0800c526                osSemaphoreRelease
 .text.vListInitialise
                0x0800c580       0x16 CMakeFiles/CtrBoard-H7_ALL.elf.dir/Middlewares/Third_Party/FreeRTOS/Source/list.c.obj
                0x0800c580                vListInitialise
 .text.vListInitialiseItem
                0x0800c596        0x6 CMakeFiles/CtrBoard-H7_ALL.elf.dir/Middlewares/Third_Party/FreeRTOS/Source/list.c.obj
                0x0800c596                vListInitialiseItem
 .text.vListInsertEnd
                0x0800c59c       0x16 CMakeFiles/CtrBoard-H7_ALL.elf.dir/Middlewares/Third_Party/FreeRTOS/Source/list.c.obj
                0x0800c59c                vListInsertEnd
 .text.vListInsert
                0x0800c5b2       0x32 CMakeFiles/CtrBoard-H7_ALL.elf.dir/Middlewares/Third_Party/FreeRTOS/Source/list.c.obj
                0x0800c5b2                vListInsert
 .text.uxListRemove
                0x0800c5e4       0x26 CMakeFiles/CtrBoard-H7_ALL.elf.dir/Middlewares/Third_Party/FreeRTOS/Source/list.c.obj
                0x0800c5e4                uxListRemove
 *fill*         0x0800c60a        0x2 
 .text.prvTaskExitError
                0x0800c60c       0x40 CMakeFiles/CtrBoard-H7_ALL.elf.dir/Middlewares/Third_Party/FreeRTOS/Source/portable/GCC/ARM_CM4F/port.c.obj
 .text.prvPortStartFirstTask
                0x0800c64c       0x28 CMakeFiles/CtrBoard-H7_ALL.elf.dir/Middlewares/Third_Party/FreeRTOS/Source/portable/GCC/ARM_CM4F/port.c.obj
 .text.vPortEnableVFP
                0x0800c674       0x14 CMakeFiles/CtrBoard-H7_ALL.elf.dir/Middlewares/Third_Party/FreeRTOS/Source/portable/GCC/ARM_CM4F/port.c.obj
 .text.pxPortInitialiseStack
                0x0800c688       0x2c CMakeFiles/CtrBoard-H7_ALL.elf.dir/Middlewares/Third_Party/FreeRTOS/Source/portable/GCC/ARM_CM4F/port.c.obj
                0x0800c688                pxPortInitialiseStack
 *fill*         0x0800c6b4        0xc 
 .text.SVC_Handler
                0x0800c6c0       0x24 CMakeFiles/CtrBoard-H7_ALL.elf.dir/Middlewares/Third_Party/FreeRTOS/Source/portable/GCC/ARM_CM4F/port.c.obj
                0x0800c6c0                SVC_Handler
 .text.vPortEnterCritical
                0x0800c6e4       0x44 CMakeFiles/CtrBoard-H7_ALL.elf.dir/Middlewares/Third_Party/FreeRTOS/Source/portable/GCC/ARM_CM4F/port.c.obj
                0x0800c6e4                vPortEnterCritical
 .text.vPortExitCritical
                0x0800c728       0x2c CMakeFiles/CtrBoard-H7_ALL.elf.dir/Middlewares/Third_Party/FreeRTOS/Source/portable/GCC/ARM_CM4F/port.c.obj
                0x0800c728                vPortExitCritical
 *fill*         0x0800c754        0xc 
 .text.PendSV_Handler
                0x0800c760       0x64 CMakeFiles/CtrBoard-H7_ALL.elf.dir/Middlewares/Third_Party/FreeRTOS/Source/portable/GCC/ARM_CM4F/port.c.obj
                0x0800c760                PendSV_Handler
 .text.SysTick_Handler
                0x0800c7c4       0x2c CMakeFiles/CtrBoard-H7_ALL.elf.dir/Middlewares/Third_Party/FreeRTOS/Source/portable/GCC/ARM_CM4F/port.c.obj
                0x0800c7c4                SysTick_Handler
 .text.vPortSetupTimerInterrupt
                0x0800c7f0       0x28 CMakeFiles/CtrBoard-H7_ALL.elf.dir/Middlewares/Third_Party/FreeRTOS/Source/portable/GCC/ARM_CM4F/port.c.obj
                0x0800c7f0                vPortSetupTimerInterrupt
 .text.xPortStartScheduler
                0x0800c818      0x118 CMakeFiles/CtrBoard-H7_ALL.elf.dir/Middlewares/Third_Party/FreeRTOS/Source/portable/GCC/ARM_CM4F/port.c.obj
                0x0800c818                xPortStartScheduler
 .text.vPortValidateInterruptPriority
                0x0800c930       0x5c CMakeFiles/CtrBoard-H7_ALL.elf.dir/Middlewares/Third_Party/FreeRTOS/Source/portable/GCC/ARM_CM4F/port.c.obj
                0x0800c930                vPortValidateInterruptPriority
 .text.prvHeapInit
                0x0800c98c       0x68 CMakeFiles/CtrBoard-H7_ALL.elf.dir/Middlewares/Third_Party/FreeRTOS/Source/portable/MemMang/heap_4.c.obj
 .text.prvInsertBlockIntoFreeList
                0x0800c9f4       0x64 CMakeFiles/CtrBoard-H7_ALL.elf.dir/Middlewares/Third_Party/FreeRTOS/Source/portable/MemMang/heap_4.c.obj
 .text.pvPortMalloc
                0x0800ca58       0xfc CMakeFiles/CtrBoard-H7_ALL.elf.dir/Middlewares/Third_Party/FreeRTOS/Source/portable/MemMang/heap_4.c.obj
                0x0800ca58                pvPortMalloc
 .text.vPortFree
                0x0800cb54       0x7c CMakeFiles/CtrBoard-H7_ALL.elf.dir/Middlewares/Third_Party/FreeRTOS/Source/portable/MemMang/heap_4.c.obj
                0x0800cb54                vPortFree
 .text.prvGetDisinheritPriorityAfterTimeout
                0x0800cbd0       0x10 CMakeFiles/CtrBoard-H7_ALL.elf.dir/Middlewares/Third_Party/FreeRTOS/Source/queue.c.obj
 .text.prvIsQueueFull
                0x0800cbe0       0x1e CMakeFiles/CtrBoard-H7_ALL.elf.dir/Middlewares/Third_Party/FreeRTOS/Source/queue.c.obj
 .text.prvIsQueueEmpty
                0x0800cbfe       0x1a CMakeFiles/CtrBoard-H7_ALL.elf.dir/Middlewares/Third_Party/FreeRTOS/Source/queue.c.obj
 .text.prvCopyDataToQueue
                0x0800cc18       0x76 CMakeFiles/CtrBoard-H7_ALL.elf.dir/Middlewares/Third_Party/FreeRTOS/Source/queue.c.obj
 .text.prvNotifyQueueSetContainer
                0x0800cc8e       0x7c CMakeFiles/CtrBoard-H7_ALL.elf.dir/Middlewares/Third_Party/FreeRTOS/Source/queue.c.obj
 .text.prvCopyDataFromQueue
                0x0800cd0a       0x24 CMakeFiles/CtrBoard-H7_ALL.elf.dir/Middlewares/Third_Party/FreeRTOS/Source/queue.c.obj
 .text.prvUnlockQueue
                0x0800cd2e       0x82 CMakeFiles/CtrBoard-H7_ALL.elf.dir/Middlewares/Third_Party/FreeRTOS/Source/queue.c.obj
 .text.xQueueGenericReset
                0x0800cdb0       0x84 CMakeFiles/CtrBoard-H7_ALL.elf.dir/Middlewares/Third_Party/FreeRTOS/Source/queue.c.obj
                0x0800cdb0                xQueueGenericReset
 .text.prvInitialiseNewQueue
                0x0800ce34       0x26 CMakeFiles/CtrBoard-H7_ALL.elf.dir/Middlewares/Third_Party/FreeRTOS/Source/queue.c.obj
 .text.xQueueGenericCreateStatic
                0x0800ce5a       0xa6 CMakeFiles/CtrBoard-H7_ALL.elf.dir/Middlewares/Third_Party/FreeRTOS/Source/queue.c.obj
                0x0800ce5a                xQueueGenericCreateStatic
 .text.xQueueGenericCreate
                0x0800cf00       0x48 CMakeFiles/CtrBoard-H7_ALL.elf.dir/Middlewares/Third_Party/FreeRTOS/Source/queue.c.obj
                0x0800cf00                xQueueGenericCreate
 .text.xQueueCreateCountingSemaphoreStatic